******************************************************************************
                  TI ARM Linker PC v18.12.3                    
******************************************************************************
>> Linked Sun Dec  1 16:23:14 2019

OUTPUT FILE NAME:   <mqtt_client_CC3220SF_LAUNCHXL_freertos_ccs_syscfg.out>
ENTRY POINT SYMBOL: "resetISR"  address: 01018445


MEMORY CONFIGURATION

         name            origin    length      used     unused   attr    fill
----------------------  --------  ---------  --------  --------  ----  --------
  FLASH_HDR             01000000   000007ff  00000000  000007ff  R  X
  FLASH                 01000800   000ff800  0001900e  000e67f2  R  X
  SRAM                  20000000   00040000  00022e11  0001d1ef  RW X


SEGMENT ALLOCATION MAP

run origin  load origin   length   init length attrs members
----------  ----------- ---------- ----------- ----- -------
01000800    01000800    00019010   00019010    r-x
  01000800    01000800    00000040   00000040    r-- .resetVecs
  01000840    01000840    00018278   00018278    r-x .text
  01018ab8    01018ab8    00000b8e   00000b8e    r-- .const
  01019648    01019648    000001c8   000001c8    r-- .cinit
20000400    20000400    00022708   00000000    rw-
  20000400    20000400    00021a35   00000000    rw- .bss
  20021e38    20021e38    00000cd0   00000000    rw- .data
2003fc00    2003fc00    00000400   00000000    rw-
  2003fc00    2003fc00    00000400   00000000    rw- .stack


SECTION ALLOCATION MAP

 output                                  attributes/
section   page    origin      length       input sections
--------  ----  ----------  ----------   ----------------
.resetVecs 
*          0    01000800    00000040     
                  01000800    00000040     freertos_builds_CC3220SF_LAUNCHXL_release_ccs.lib : startup_cc32xx_ccs.obj (.resetVecs:retain)

.text      0    01000840    00018278     
                  01000840    00000ab8     rtsv7M4_T_le_eabi.lib : _scanfi.c.obj (.text:__TI_scanfi)
                  010012f8    00000a4e                           : _printfi.c.obj (.text:__TI_printfi)
                  01001d46    00000002     Board.obj (.text:Board_initHook)
                  01001d48    00000964     sensors_state.obj (.text:sensor_fsm)
                  010026ac    000008cc     simplelink.a : driver.obj (.text:_SlDrvMsgRead)
                  01002f78    000004bc                  : sl_socket.obj (.text:_SlSocketHandleAsync_Select)
                  01003434    00000454     rtsv7M4_T_le_eabi.lib : strtod.c.obj (.text:strtod)
                  01003888    0000042c     mqtt_client_app.obj (.text:MqttClient)
                  01003cb4    0000042c     driverlib.a : prcm.obj (.text:PRCMCC3200MCUInit)
                  010040e0    00000384     simplelink.a : driver.obj (.text:_SlDrvMsgWrite)
                  01004464    0000031c     client_cbs.obj (.text:jsmn_parse)
                  01004780    000002e0     simplelink.a : driver.obj (.text:_SlDrvWaitForPoolObj)
                  01004a60    000002d8                  : driver.obj (.text:_SlDrvRxHdrRead)
                  01004d38    000002b4                  : sl_socket.obj (.text:sl_Select)
                  01004fec    00000294                  : driver.obj (.text:_SlDrvReleasePoolObj)
                  01005280    00000288     client_cbs.obj (.text:MqttClientCallback)
                  01005508    0000027c     simplelink.a : wlan.obj (.text:sl_WlanConnect)
                  01005784    00000278     drivers_cc32xx.aem4 : UARTCC32XX.oem4 (.text:UARTCC32XX_open)
                  010059fc    00000274     simplelink.a : driver.obj (.text:_SlDrvDataReadOp)
                  01005c70    00000268     rtsv7M4_T_le_eabi.lib : _printfi.c.obj (.text:_pconv_a)
                  01005ed8    00000224     simplelink.a : driver.obj (.text:_SlDrvDriverCBInit)
                  010060fc    00000218                  : driver.obj (.text:_SlDrvDataWriteOp)
                  01006314    000001f4                  : driver.obj (.text:_SlDrvMsgReadCmdCtx)
                  01006508    000001f2                  : netapp.obj (.text:_SlNetAppEventHandler)
                  010066fa    00000002     drivers_cc32xx.aem4 : I2CCC32XX.oem4 (.text:I2CCC32XX_init)
                  010066fc    000001dc     rtsv7M4_T_le_eabi.lib : strtoll.c.obj (.text:strtoll)
                  010068d8    000001d8     drivers_cc32xx.aem4 : GPIOCC32XX.oem4 (.text:GPIO_setConfig)
                  01006ab0    000001d4     freertos_builds_CC3220SF_LAUNCHXL_release_ccs.lib : queue.obj (.text:xQueueSemaphoreTake)
                  01006c84    000001d0     drivers_cc32xx.aem4 : SPICC32XXDMA.oem4 (.text:SPICC32XXDMA_transfer)
                  01006e54    000001cc     rtsv7M4_T_le_eabi.lib : _printfi.c.obj (.text:_pconv_g)
                  01007020    000001c8     simplelink.a : device.obj (.text:sl_Stop)
                  010071e8    000001b8     drivers_cc32xx.aem4 : SPICC32XXDMA.oem4 (.text:configDMA)
                  010073a0    000001b8     freertos_builds_CC3220SF_LAUNCHXL_release_ccs.lib : queue.obj (.text:xQueueGenericSend)
                  01007558    000001b6     rtsv7M4_T_le_eabi.lib : fd_add_t2.asm.obj (.text)
                  0100770e    00000002     driverlib.a : interrupt.obj (.text:IntDefaultHandler)
                  01007710    000001b4     simplelink.a : driver.obj (.text:_SlDrvReleaseAllActivePendingPoolObj)
                  010078c4    000001b4                  : sl_socket.obj (.text:sl_Accept)
                  01007a78    000001b0     freertos_builds_CC3220SF_LAUNCHXL_release_ccs.lib : PowerCC32XX_freertos.obj (.text:PowerCC32XX_sleepPolicy)
                  01007c28    00000198     slnetsock_release.a : slnetsock.oem4 (.text:SlNetSock_select)
                  01007dc0    0000018c     simplelink.a : sl_socket.obj (.text:_SlDrvRegisterForSelectAsync)
                  01007f4c    0000018c     client_cbs.obj (.text:jsmn_parse_string)
                  010080d8    00000184     simplelink.a : driver.obj (.text:_SlDrvFindAndSetActiveObj)
                  0100825c    00000184                  : sl_socket.obj (.text:sl_Connect)
                  010083e0    00000180     freertos_builds_CC3220SF_LAUNCHXL_release_ccs.lib : queue.obj (.text:xQueueReceive)
                  01008560    00000178     mqtt_client_app.obj (.text:MqttClient_start)
                  010086d8    00000178     freertos_builds_CC3220SF_LAUNCHXL_release_ccs.lib : heap_4.obj (.text:pvPortMalloc)
                  01008850    00000168     simplelink.a : netapp.obj (.text:sl_NetAppDnsGetHostByName)
                  010089b8    00000164     freertos_builds_CC3220SF_LAUNCHXL_release_ccs.lib : timers.obj (.text:prvProcessReceivedCommands)
                  01008b1c    0000015c     rtsv7M4_T_le_eabi.lib : strtoull.c.obj (.text:strtoull)
                  01008c78    0000015a     mqtt_release.a : mqtt_net_func.oem4 (.text:createSocket)
                  01008dd2    00000002     freertos_builds_CC3220SF_LAUNCHXL_release_ccs.lib : PowerCC32XX_freertos.obj (.text:PowerCC32XX_initPolicy)
                  01008dd4    00000158     drivers_cc32xx.aem4 : SPICC32XXDMA.oem4 (.text:SPICC32XXDMA_open)
                  01008f2c    00000154     mqtt_release.a : mqttclient.oem4 (.text:MQTTClient_connect)
                  01009080    00000154     simplelink.a : sl_socket.obj (.text:sl_RecvFrom)
                  010091d4    00000148     drivers_cc32xx.aem4 : PowerCC32XX.oem4 (.text:parkPins)
                  0100931c    00000148     simplelink.a : sl_socket.obj (.text:sl_StartTLS)
                  01009464    00000140                  : driver.obj (.text:_SlDrvMsgReadSpawnCtx)
                  010095a4    0000013c                  : driver.obj (.text:_SlDrvDriverCBDeinit)
                  010096e0    0000013c                  : sl_socket.obj (.text:_SlDrvGetNextTimeoutValue)
                  0100981c    0000013c     rtsv7M4_T_le_eabi.lib : _printfi.c.obj (.text:_pconv_e)
                  01009958    0000013c     freertos_builds_CC3220SF_LAUNCHXL_release_ccs.lib : tasks.obj (.text:xTaskIncrementTick)
                  01009a94    00000138                                                       : pthread.obj (.text:pthread_create)
                  01009bcc    00000136     rtsv7M4_T_le_eabi.lib : fd_div_t2.asm.obj (.text)
                  01009d02    00000002     drivers_cc32xx.aem4 : TimerCC32XX.oem4 (.text:TimerCC32XX_init)
                  01009d04    00000134     network_if.obj (.text:Network_IF_ConnectAP)
                  01009e38    00000134     simplelink.a : sl_socket.obj (.text:_SlSocketHandleAsync_StartTLS)
                  01009f6c    00000130     rtsv7M4_T_le_eabi.lib : strtol.c.obj (.text:strtol)
                  0100a09c    0000012a     freertos_builds_CC3220SF_LAUNCHXL_release_ccs.lib : tasks.obj (.text:prvInitialiseNewTask)
                  0100a1c6    00000002     drivers_cc32xx.aem4 : UARTCC32XX.oem4 (.text:UARTCC32XX_init)
                  0100a1c8    00000128                         : TimerCC32XX.oem4 (.text:TimerCC32XX_open)
                  0100a2f0    00000128     simplelink.a : driver.obj (.text:_SlDrvClassifyRxMsg)
                  0100a418    00000124                  : fs.obj (.text:sl_FsOpen)
                  0100a53c    00000122     statisticsTask.obj (.text:statisticsTask)
                  0100a65e    00000120     drivers_cc32xx.aem4 : I2CCC32XX.oem4 (.text:I2CCC32XX_hwiFxn)
                  0100a77e    00000002     freertos_builds_CC3220SF_LAUNCHXL_release_ccs.lib : startup_cc32xx_ccs.obj (.text:busFaultHandler)
                  0100a780    00000120     drivers_cc32xx.aem4 : UARTCC32XX.oem4 (.text:UARTCC32XX_close)
                  0100a8a0    00000120     simplelink.a : driver.obj (.text:_SlDrvAsyncEventGenericHandler)
                  0100a9c0    00000120     rtsv7M4_T_le_eabi.lib : _printfi.c.obj (.text:fcvt)
                  0100aae0    0000011c     drivers_cc32xx.aem4 : PowerCC32XX.oem4 (.text:Power_sleep)
                  0100abfc    0000011c     simplelink.a : device.obj (.text:sl_Start)
                  0100ad18    0000011c     freertos_builds_CC3220SF_LAUNCHXL_release_ccs.lib : tasks.obj (.text:xTaskResumeAll)
                  0100ae34    00000118     simplelink.a : netapp.obj (.text:_SlNetAppHandleAsync_DnsGetHostByService)
                  0100af4c    00000114     freertos_builds_CC3220SF_LAUNCHXL_release_ccs.lib : tasks.obj (.text:vTaskPriorityDisinheritAfterTimeout)
                  0100b060    00000112     mqtt_release.a : mqtt_common.oem4 (.text:MQTT_PacketRecv)
                  0100b172    00000002     freertos_builds_CC3220SF_LAUNCHXL_release_ccs.lib : startup_cc32xx_ccs.obj (.text:defaultHandler)
                  0100b174    00000110     rtsv7M4_T_le_eabi.lib : strtoul.c.obj (.text:strtoul)
                  0100b284    0000010c     main_freertos.obj (.text:main)
                  0100b390    00000108     slnetsock_release.a : slnetutils.oem4 (.text:SlNetUtil_str2BinIpV6)
                  0100b498    00000108     simplelink.a : driver.obj (.text:_SlSpawnMsgListInsert)
                  0100b5a0    00000104                  : device.obj (.text:_SlDeviceEventHandler)
                  0100b6a4    00000104                  : driver.obj (.text:_SlDrvCmdOp)
                  0100b7a8    00000104     freertos_builds_CC3220SF_LAUNCHXL_release_ccs.lib : queue.obj (.text:xQueueGenericSendFromISR)
                  0100b8ac    00000100     simplelink.a : driver.obj (.text:_SlDrvObjGlobalLockWaitForever)
                  0100b9ac    00000100                  : sl_socket.obj (.text:sl_Close)
                  0100baac    00000100                  : fs.obj (.text:sl_FsWrite)
                  0100bbac    000000fc     drivers_cc32xx.aem4 : I2CCC32XX.oem4 (.text:I2CCC32XX_open)
                  0100bca8    000000fc     rtsv7M4_T_le_eabi.lib : fd_mul_t2.asm.obj (.text)
                  0100bda4    000000fc     freertos_builds_CC3220SF_LAUNCHXL_release_ccs.lib : tasks.obj (.text:vTaskSuspend)
                  0100bea0    000000f8     slnetifwifi.a : slnetifwifi.obj (.text:SlNetIfWifi_loadSecObj)
                  0100bf98    000000f8     freertos_builds_CC3220SF_LAUNCHXL_release_ccs.lib : tasks.obj (.text:vTaskDelete)
                  0100c090    000000f6     mqtt_release.a : mqtt_net_func.oem4 (.text:MQTTNet_commOpen)
                  0100c186    00000002     freertos_builds_CC3220SF_LAUNCHXL_release_ccs.lib : startup_cc32xx_ccs.obj (.text:faultISR)
                  0100c188    000000f4     simplelink.a : sl_socket.obj (.text:sl_SendTo)
                  0100c27c    000000f2     drivers_cc32xx.aem4 : SPICC32XXDMA.oem4 (.text:SPICC32XXDMA_transferCancel)
                  0100c36e    000000f2                         : UARTCC32XX.oem4 (.text:UARTCC32XX_control)
                  0100c460    000000f0     mqtt_client_app.obj (.text:mainThread)
                  0100c550    000000f0     freertos_builds_CC3220SF_LAUNCHXL_release_ccs.lib : queue.obj (.text:xQueueGiveFromISR)
                  0100c640    000000e8     slnetsock_release.a : slnetif.oem4 (.text:SlNetIf_add)
                  0100c728    000000e8     ultraSonar_main.obj (.text:sonarRead)
                  0100c810    000000e8     freertos_builds_CC3220SF_LAUNCHXL_release_ccs.lib : tasks.obj (.text:xTaskPriorityInherit)
                  0100c8f8    000000e6     mqtt_release.a : client_core.oem4 (.text:utf8ArraySend)
                  0100c9de    00000002     freertos_builds_CC3220SF_LAUNCHXL_release_ccs.lib : startup_cc32xx_ccs.obj (.text:nmiISR)
                  0100c9e0    000000e0     mqtt_release.a : mqttclient.oem4 (.text:MqttClientCtxCreate)
                  0100cac0    000000e0     freertos_builds_CC3220SF_LAUNCHXL_release_ccs.lib : tasks.obj (.text:xTaskPriorityDisinherit)
                  0100cba0    000000de     mqtt_release.a : client_core.oem4 (.text:connectMsgSend)
                  0100cc7e    00000002     rtsv7M4_T_le_eabi.lib : div0.asm.obj (.text)
                  0100cc80    000000dc     freertos_builds_CC3220SF_LAUNCHXL_release_ccs.lib : tasks.obj (.text:vTaskSwitchContext)
                  0100cd5c    000000d8     drivers_cc32xx.aem4 : SPICC32XXDMA.oem4 (.text:SPICC32XXDMA_close)
                  0100ce34    000000d8     simplelink.a : device.obj (.text:_SlDeviceHandleAsync_InitComplete)
                  0100cf0c    000000d8                  : driver.obj (.text:_SlDrvWaitForInternalAsyncEvent)
                  0100cfe4    000000d8                  : netapp.obj (.text:_SlNetAppHandleAsync_NetAppReceive)
                  0100d0bc    000000d8     freertos_builds_CC3220SF_LAUNCHXL_release_ccs.lib : queue.obj (.text:xQueueReceiveFromISR)
                  0100d194    000000d0     mqtt_client_app.obj (.text:SetClientIdNamefromMacAddress)
                  0100d264    000000d0     simplelink.a : driver.obj (.text:_SlDrvRemoveFromList)
                  0100d334    000000d0     rtsv7M4_T_le_eabi.lib : s_scalbn.c.obj (.text:scalbn)
                  0100d404    000000cc     mqtt_release.a : mqttclient.oem4 (.text:processNotifyAckCB)
                  0100d4d0    000000ca     drivers_cc32xx.aem4 : UARTCC32XX.oem4 (.text:UARTCC32XX_write)
                  0100d59a    00000002     main_freertos.obj (.text:vApplicationMallocFailedHook)
                  0100d59c    000000c8     mqtt_client_app.obj (.text:Mqtt_IF_Connect)
                  0100d664    000000c8     client_cbs.obj (.text:jsmn_parse_primitive)
                  0100d72c    000000c8     drivers_cc32xx.aem4 : SPICC32XXDMA.oem4 (.text:spiHwiFxn)
                  0100d7f4    000000c4                         : GPIOCC32XX.oem4 (.text:GPIO_init)
                  0100d8b8    000000c4     freertos_builds_CC3220SF_LAUNCHXL_release_ccs.lib : tasks.obj (.text:prvAddNewTaskToReadyList)
                  0100d97c    000000c0     mqtt_release.a : mqttclient.oem4 (.text:MqttClientSub)
                  0100da3c    000000c0     simplelink.a : cc_pal.obj (.text:NwpPowerOff)
                  0100dafc    000000c0     drivers_cc32xx.aem4 : PowerCC32XX.oem4 (.text:restoreParkedPins)
                  0100dbbc    000000c0     simplelink.a : netcfg.obj (.text:sl_NetCfgGet)
                  0100dc7c    000000c0     freertos_builds_CC3220SF_LAUNCHXL_release_ccs.lib : port.obj (.text:xPortStartScheduler)
                  0100dd3c    000000be                                                       : queue.obj (.text:prvCopyDataToQueue)
                  0100ddfa    00000002     --HOLE-- [fill = 0]
                  0100ddfc    000000bc     simplelink.a : netapp.obj (.text:_SlNetAppSendResponse)
                  0100deb8    000000bc     mqtt_release.a : client_core.oem4 (.text:clCtxConnStateTryLocked)
                  0100df74    000000bc     freertos_builds_CC3220SF_LAUNCHXL_release_ccs.lib : heap_4.obj (.text:prvHeapInit)
                  0100e030    000000bc                                                       : timers.obj (.text:prvSwitchTimerLists)
                  0100e0ec    000000bc     simplelink.a : sl_socket.obj (.text:sl_Send)
                  0100e1a8    000000ba     drivers_cc32xx.aem4 : UARTCC32XX.oem4 (.text:UARTCC32XX_readPolling)
                  0100e262    00000002     --HOLE-- [fill = 0]
                  0100e264    000000ba     freertos_builds_CC3220SF_LAUNCHXL_release_ccs.lib : portasm.obj (.text)
                  0100e31e    00000002     --HOLE-- [fill = 0]
                  0100e320    000000b8     simplelink.a : netapp.obj (.text:_SlNetAppHandleAsync_DnsGetHostByName)
                  0100e3d8    000000b8                  : netapp.obj (.text:_SlNetAppHandleAsync_PingResponse)
                  0100e490    000000b8     drivers_cc32xx.aem4 : UARTCC32XX.oem4 (.text:initHw)
                  0100e548    000000b8     simplelink.a : wlan.obj (.text:sl_WlanGet)
                  0100e600    000000b8     freertos_builds_CC3220SF_LAUNCHXL_release_ccs.lib : queue.obj (.text:xQueueGenericReset)
                  0100e6b8    000000b6     pixy_main.obj (.text:pixyRead)
                  0100e76e    000000b6     drivers_cc32xx.aem4 : UARTCC32XX.oem4 (.text:readTaskCallback)
                  0100e824    000000b4     mqtt_release.a : mqttclient.oem4 (.text:MqttClient_send)
                  0100e8d8    000000b4     simplelink.a : driver.obj (.text:_SlDrvHandleFatalError)
                  0100e98c    000000b4                  : netutil.obj (.text:_SlNetUtilHandleAsync_Cmd)
                  0100ea40    000000b4     freertos_builds_CC3220SF_LAUNCHXL_release_ccs.lib : clock.obj (.text:_clock_abstime2ticks)
                  0100eaf4    000000b4     simplelink.a : sl_socket.obj (.text:sl_GetSockOpt)
                  0100eba8    000000b1     rtsv7M4_T_le_eabi.lib : _printfi.c.obj (.text:_ltostr)
                  0100ec59    00000003     --HOLE-- [fill = 0]
                  0100ec5c    000000b0     slnetifwifi.a : slnetifwifi.obj (.text:SlNetIfWifi_getSockOpt)
                  0100ed0c    000000b0     freertos_builds_CC3220SF_LAUNCHXL_release_ccs.lib : tasks.obj (.text:prvAddCurrentTaskToDelayedList)
                  0100edbc    000000b0                                                       : tasks.obj (.text:xTaskCheckForTimeOut)
                  0100ee6c    000000ae     slnetifwifi.a : slnetifwifi.obj (.text:matchModeByRole)
                  0100ef1a    000000ae     freertos_builds_CC3220SF_LAUNCHXL_release_ccs.lib : queue.obj (.text:prvUnlockQueue)
                  0100efc8    000000ae     drivers_cc32xx.aem4 : UARTCC32XX.oem4 (.text:readIsrTextBlocking)
                  0100f076    00000002     --HOLE-- [fill = 0]
                  0100f078    000000ac     simplelink.a : sl_socket.obj (.text:_SlSocketHandleAsync_Close)
                  0100f124    000000ac                  : sl_socket.obj (.text:_SlSocketHandleAsync_Connect)
                  0100f1d0    000000ac     freertos_builds_CC3220SF_LAUNCHXL_release_ccs.lib : clock.obj (.text:clock_gettime)
                  0100f27c    000000a8     driverlib.a : interrupt.obj (.text:IntDisable)
                  0100f324    000000a8                 : interrupt.obj (.text:IntEnable)
                  0100f3cc    000000a8                 : prcm.obj (.text:PRCMPeripheralClockGet)
                  0100f474    000000a8     drivers_cc32xx.aem4 : PowerCC32XX.oem4 (.text:PowerCC32XX_configureWakeup)
                  0100f51c    000000a8     freertos_builds_CC3220SF_LAUNCHXL_release_ccs.lib : heap_4.obj (.text:prvInsertBlockIntoFreeList)
                  0100f5c4    000000a8     drivers_cc32xx.aem4 : UARTCC32XX.oem4 (.text:readTaskBlocking)
                  0100f66c    000000a8     simplelink.a : fs.obj (.text:sl_FsClose)
                  0100f714    000000a8     freertos_builds_CC3220SF_LAUNCHXL_release_ccs.lib : tasks.obj (.text:xTaskRemoveFromEventList)
                  0100f7bc    000000a6     simplelink.a : driver.obj (.text:_SlDrvIsTimeoutExpired)
                  0100f862    00000002     --HOLE-- [fill = 0]
                  0100f864    000000a4     mqtt_release.a : mqttclient.oem4 (.text:MQTTClient_create)
                  0100f908    000000a4                    : mqttclient.oem4 (.text:MqttClientConfig)
                  0100f9ac    000000a4     simplelink.a : sl_socket.obj (.text:sl_Bind)
                  0100fa50    000000a2     drivers_cc32xx.aem4 : UARTCC32XX.oem4 (.text:readIsrTextCallback)
                  0100faf2    000000a2                         : UARTCC32XX.oem4 (.text:writeData)
                  0100fb94    000000a0     freertos_builds_CC3220SF_LAUNCHXL_release_ccs.lib : ClockP_freertos.obj (.text:ClockP_create)
                  0100fc34    000000a0     simplelink.a : fs.obj (.text:FsGetCreateFsMode)
                  0100fcd4    000000a0     network_if.obj (.text:SimpleLinkWlanEventHandler)
                  0100fd74    000000a0     simplelink.a : sl_socket.obj (.text:_SlDrvUnRegisterForSelectAsync)
                  0100fe14    000000a0                  : driver.obj (.text:_SlSpawnMsgListProcess)
                  0100feb4    0000009e                  : cc_pal.obj (.text:spi_Read)
                  0100ff52    0000009e                  : cc_pal.obj (.text:spi_Write)
                  0100fff0    0000009c     mqtt_release.a : client_core.oem4 (.text:MQTTClientCore_initLib)
                  0101008c    0000009c                    : client_core.oem4 (.text:MQTTClientCore_sendPubMsg)
                  01010128    0000009c                    : client_core.oem4 (.text:_msgDispatch)
                  010101c4    0000009c     rtsv7M4_T_le_eabi.lib : memcpy_t2.asm.obj (.text)
                  01010260    0000009c     freertos_builds_CC3220SF_LAUNCHXL_release_ccs.lib : heap_4.obj (.text:vPortFree)
                  010102fc    0000009a     mqtt_release.a : client_core.oem4 (.text:procPubMsgRx)
                  01010396    00000002     --HOLE-- [fill = 0]
                  01010398    00000098     drivers_cc32xx.aem4 : GPIOCC32XX.oem4 (.text:powerNotifyFxn)
                  01010430    00000096     mqtt_release.a : mqtt_net_func.oem4 (.text:MQTTNet_tcpSelect)
                  010104c6    00000096     rtsv7M4_T_le_eabi.lib : ull_div_t2.asm.obj (.text)
                  0101055c    00000094     drivers_cc32xx.aem4 : ADCCC32XX.oem4 (.text:ADCCC32XX_open)
                  010105f0    00000094     network_if.obj (.text:Network_IF_InitDriver)
                  01010684    00000094     simplelink.a : cc_pal.obj (.text:Semaphore_pend_handle)
                  01010718    00000094     drivers_cc32xx.aem4 : SPICC32XXDMA.oem4 (.text:initHw)
                  010107ac    00000094     freertos_builds_CC3220SF_LAUNCHXL_release_ccs.lib : tasks.obj (.text:vTaskStartScheduler)
                  01010840    00000092     slnetsock_release.a : slnetsock.oem4 (.text:SlNetSock_create)
                  010108d2    00000090     drivers_cc32xx.aem4 : I2CCC32XX.oem4 (.text:I2CCC32XX_transfer)
                  01010962    00000002     --HOLE-- [fill = 0]
                  01010964    00000090     mqtt_client_app.obj (.text:Mqtt_start)
                  010109f4    00000090     slnetsock_release.a : slnetsock.oem4 (.text:SlNetSock_getVirtualSdConf)
                  01010a84    00000090     simplelink.a : device.obj (.text:_SlDeviceHandleAsync_Stop)
                  01010b14    00000090                  : sl_socket.obj (.text:_SlSocketHandleAsync_Accept)
                  01010ba4    00000090     mqtt_release.a : mqttclient.oem4 (.text:processPublishRxCB)
                  01010c34    00000090     drivers_cc32xx.aem4 : PowerCC32XX.oem4 (.text:restoreNVICRegs)
                  01010cc4    0000008c     mqtt_release.a : client_core.oem4 (.text:MQTTClientCore_createCtx)
                  01010d50    0000008c     slnetsock_release.a : slnetsock.oem4 (.text:SlNetSock_accept)
                  01010ddc    0000008c     simplelink.a : driver.obj (.text:_SlDrvDriverIsApiAllowed)
                  01010e68    0000008c     freertos_builds_CC3220SF_LAUNCHXL_release_ccs.lib : clock.obj (.text:_clock_gettimeMono)
                  01010ef4    0000008c     simplelink.a : sl_socket.obj (.text:sl_Recv)
                  01010f80    00000088     driverlib.a : pin.obj (.text:PinConfigSet)
                  01011008    00000088     simplelink.a : driver.obj (.text:_SlDrvProtectAsyncRespSetting)
                  01011090    00000088     mqtt_release.a : client_core.oem4 (.text:procConnackRx)
                  01011118    00000088     freertos_builds_CC3220SF_LAUNCHXL_release_ccs.lib : timers.obj (.text:prvProcessTimerOrBlockTask)
                  010111a0    00000088     simplelink.a : eventreg.obj (.text:sl_UnregisterLibsEventHandler)
                  01011228    00000088     mqtt_release.a : client_core.oem4 (.text:wrConnectPayload)
                  010112b0    00000086     drivers_cc32xx.aem4 : I2CCC32XX.oem4 (.text:I2CCC32XX_primeTransfer)
                  01011336    00000086     rtsv7M4_T_le_eabi.lib : fd_cmp_t2.asm.obj (.text:__aeabi_cdcmple)
                  010113bc    00000086                           : fd_cmp_t2.asm.obj (.text:__aeabi_cdrcmple)
                  01011442    00000002     --HOLE-- [fill = 0]
                  01011444    00000084     drivers_cc32xx.aem4 : I2CCC32XX.oem4 (.text:I2CCC32XX_close)
                  010114c8    00000084                         : PowerCC32XX.oem4 (.text:Power_init)
                  0101154c    00000084     slnetifwifi.a : slnetifwifi.obj (.text:SlNetIfWifi_sockstartSec)
                  010115d0    00000084     slnetsock_release.a : slnetutils.oem4 (.text:SlNetUtil_getHostByName)
                  01011654    00000084     mqtt_release.a : client_core.oem4 (.text:mqpSetupProcCtxDataRecv)
                  010116d8    00000084     drivers_cc32xx.aem4 : PowerCC32XX.oem4 (.text:saveNVICRegs)
                  0101175c    00000084     simplelink.a : sl_socket.obj (.text:sl_SetSockOpt)
                  010117e0    00000084     freertos_builds_CC3220SF_LAUNCHXL_release_ccs.lib : timers.obj (.text:xTimerGenericCommand)
                  01011864    00000080     drivers_cc32xx.aem4 : PowerCC32XX.oem4 (.text:Power_setDependency)
                  010118e4    00000080     mqtt_release.a : client_core.oem4 (.text:clCtxPartSend)
                  01011964    00000080     freertos_builds_CC3220SF_LAUNCHXL_release_ccs.lib : timers.obj (.text:prvProcessExpiredTimer)
                  010119e4    0000007e     drivers_cc32xx.aem4 : I2CCC32XX.oem4 (.text:I2CCC32XX_cancel)
                  01011a62    0000007e     process_main.obj (.text:processObject)
                  01011ae0    0000007c     drivers_cc32xx.aem4 : UDMACC32XX.oem4 (.text:UDMACC32XX_open)
                  01011b5c    0000007c     mqtt_release.a : client_core.oem4 (.text:procCtxDataRecv)
                  01011bd8    0000007c     drivers_cc32xx.aem4 : UARTCC32XX.oem4 (.text:readIsrBinaryBlocking)
                  01011c54    0000007a     freertos_builds_CC3220SF_LAUNCHXL_release_ccs.lib : pthread.obj (.text:removeThreadKeys)
                  01011cce    0000007a     rtsv7M4_T_le_eabi.lib : memset_t2.asm.obj (.text)
                  01011d48    0000007a     freertos_builds_CC3220SF_LAUNCHXL_release_ccs.lib : tasks.obj (.text:xTaskCreate)
                  01011dc2    00000002     --HOLE-- [fill = 0]
                  01011dc4    00000078     drivers_cc32xx.aem4 : GPIOCC32XX.oem4 (.text:GPIO_hwiIntFxn)
                  01011e3c    00000078     mqtt_release.a : mqtt_net_func.oem4 (.text:MQTTNet_recvFrom)
                  01011eb4    00000078     drivers_cc32xx.aem4 : TimerCC32XX.oem4 (.text:TimerCC32XX_start)
                  01011f2c    00000078     freertos_builds_CC3220SF_LAUNCHXL_release_ccs.lib : timers.obj (.text:prvInsertTimerInActiveList)
                  01011fa4    00000078     drivers_cc32xx.aem4 : UARTCC32XX.oem4 (.text:readIsrBinaryCallback)
                  0101201c    00000078     simplelink.a : sl_socket.obj (.text:sl_Socket)
                  01012094    00000074     drivers_cc32xx.aem4 : ADCCC32XX.oem4 (.text:ADCCC32XX_close)
                  01012108    00000074     mqtt_release.a : mqtt_net_func.oem4 (.text:MQTTNet_tcpAccept)
                  0101217c    00000074     slnetsock_release.a : slnetsock.oem4 (.text:SlNetSock_AllocVirtualSocket)
                  010121f0    00000074     drivers_cc32xx.aem4 : UARTCC32XX.oem4 (.text:UARTCC32XX_hwiIntFxn)
                  01012264    00000074     mqtt_release.a : client_core.oem4 (.text:groupCtxsRxPrep)
                  010122d8    00000074     freertos_builds_CC3220SF_LAUNCHXL_release_ccs.lib : tasks.obj (.text:prvInitialiseTaskLists)
                  0101234c    00000074                                                       : pthread_mutex.obj (.text:pthread_mutex_init)
                  010123c0    00000074                                                       : port.obj (.text:vPortValidateInterruptPriority)
                  01012434    00000072     mqtt_release.a : mqtt_common.oem4 (.text:MQTT_packetProcPubRx)
                  010124a6    00000002     --HOLE-- [fill = 0]
                  010124a8    00000070     simplelink.a : driver.obj (.text:_SlDrvCmdSend_noLock)
                  01012518    00000070     ultraSonar_main.obj (.text:insertionSort)
                  01012588    00000070     freertos_builds_CC3220SF_LAUNCHXL_release_ccs.lib : ClockP_freertos.obj (.text:setClockObjTimeout)
                  010125f8    0000006e     rtsv7M4_T_le_eabi.lib : _printfi.c.obj (.text:_mcpy)
                  01012666    0000006e                           : fd_tos_t2.asm.obj (.text)
                  010126d4    0000006c     mqtt_release.a : mqttclient.oem4 (.text:MQTTClient_run)
                  01012740    0000006c     slnetsock_release.a : slnetutils.oem4 (.text:SlNetUtil_str2BinIpV4)
                  010127ac    0000006c     simplelink.a : device.obj (.text:_SlDeviceHandleResetRequestInternally)
                  01012818    0000006c                  : sl_socket.obj (.text:_SlDrvOpenCtrlSocket)
                  01012884    0000006c                  : netapp.obj (.text:_SlNetAppSendTokenValue)
                  010128f0    0000006a     mqtt_release.a : mqtt_net_func.oem4 (.text:MQTTNet_sendTo)
                  0101295a    0000006a     freertos_builds_CC3220SF_LAUNCHXL_release_ccs.lib : queue.obj (.text:xQueueGenericCreate)
                  010129c4    00000068     mqtt_release.a : mqtt_common.oem4 (.text:MQTT_qos2PubCqUnlog)
                  01012a2c    00000068     simplelink.a : driver.obj (.text:_SlSpawnMsgListGetCount)
                  01012a94    00000068     rtsv7M4_T_le_eabi.lib : sscanf.c.obj (.text:_chkmbc)
                  01012afc    00000068                           : copy_decompress_lzss.c.obj (.text:decompress:lzss:__TI_decompress_lzss)
                  01012b64    00000068     drivers_cc32xx.aem4 : I2CCC32XX.oem4 (.text:initHw)
                  01012bcc    00000068     pixy_queue.obj (.text:recieveMsgFromPixyQ)
                  01012c34    00000068     simplelink.a : cc_pal.obj (.text:spi_Open)
                  01012c9c    00000066     drivers_cc32xx.aem4 : UARTCC32XX.oem4 (.text:UARTCC32XX_writeCancel)
                  01012d02    00000066     freertos_builds_CC3220SF_LAUNCHXL_release_ccs.lib : timers.obj (.text:prvInitialiseNewTimer)
                  01012d68    00000066                                                       : list.obj (.text:vListInsert)
                  01012dce    00000002     --HOLE-- [fill = 0]
                  01012dd0    00000064     drivers_cc32xx.aem4 : ADCCC32XX.oem4 (.text:ADCCC32XX_convert)
                  01012e34    00000064     freertos_builds_CC3220SF_LAUNCHXL_release_ccs.lib : ClockP_freertos.obj (.text:ClockP_stop)
                  01012e98    00000064     mqtt_release.a : mqtt_common.oem4 (.text:MQTT_packetPubAppendTopic)
                  01012efc    00000064     drivers_cc32xx.aem4 : PowerCC32XX.oem4 (.text:PowerCC32XX_setParkState)
                  01012f60    00000064     freertos_builds_CC3220SF_LAUNCHXL_release_ccs.lib : pthread_mutex.obj (.text:acquireMutex)
                  01012fc4    00000064     mqtt_release.a : client_core.oem4 (.text:clientReset)
                  01013028    00000064                    : client_core.oem4 (.text:doNetClose)
                  0101308c    00000064     freertos_builds_CC3220SF_LAUNCHXL_release_ccs.lib : tasks.obj (.text:prvGetExpectedIdleTime)
                  010130f0    00000062     drivers_cc32xx.aem4 : UARTCC32XX.oem4 (.text:UARTCC32XX_writePolling)
                  01013152    00000002     --HOLE-- [fill = 0]
                  01013154    00000060     freertos_builds_CC3220SF_LAUNCHXL_release_ccs.lib : HwiPCC32XX_freertos.obj (.text:HwiP_create)
                  010131b4    00000060     driverlib.a : prcm.obj (.text:PRCMSysResetCauseGet)
                  01013214    00000060     slnetsock_release.a : slnetsock.oem4 (.text:SlNetSock_recvFrom)
                  01013274    00000060                         : slnetsock.oem4 (.text:SlNetSock_sendTo)
                  010132d4    00000060     freertos_builds_CC3220SF_LAUNCHXL_release_ccs.lib : pthread_mutex.obj (.text:pthread_mutex_unlock)
                  01013334    00000060     sensors_queue.obj (.text:recieveMsgFromSensorQ)
                  01013394    0000005e     slnetifwifi.a : slnetifwifi.obj (.text:SlNetIfWifi_setSockOpt)
                  010133f2    0000005e     freertos_builds_CC3220SF_LAUNCHXL_release_ccs.lib : semaphore.obj (.text:sem_timedwait)
                  01013450    0000005c     drivers_cc32xx.aem4 : GPIOCC32XX.oem4 (.text:GPIO_setCallback)
                  010134ac    0000005c     mqtt_release.a : mqtt_net_func.oem4 (.text:MQTTNet_tcpListen)
                  01013508    0000005c     network_if.obj (.text:Network_IF_IpConfigGet)
                  01013564    0000005c     simplelink.a : spawn.obj (.text:_SlInternalSpawn)
                  010135c0    0000005c     freertos_builds_CC3220SF_LAUNCHXL_release_ccs.lib : memory.obj (.text:calloc)
                  0101361c    0000005c     rtsv7M4_T_le_eabi.lib : s_frexp.c.obj (.text:frexp)
                  01013678    0000005c     freertos_builds_CC3220SF_LAUNCHXL_release_ccs.lib : tasks.obj (.text:prvIdleTask)
                  010136d4    0000005c                                                       : pthread.obj (.text:pthread_exit)
                  01013730    0000005c                                                       : queue.obj (.text:vQueueWaitForMessageRestricted)
                  0101378c    0000005c                                                       : tasks.obj (.text:vTaskDelay)
                  010137e8    00000058     drivers_cc32xx.aem4 : GPIOCC32XX.oem4 (.text:GPIO_write)
                  01013840    00000058     driverlib.a : interrupt.obj (.text:IntPendClear)
                  01013898    00000058                 : prcm.obj (.text:PRCMPeripheralReset)
                  010138f0    00000058     drivers_cc32xx.aem4 : PowerCC32XX.oem4 (.text:Power_releaseDependency)
                  01013948    00000058     network_if.obj (.text:SimpleLinkNetAppEventHandler)
                  010139a0    00000058     slnetsock_release.a : slnetsock.oem4 (.text:SlNetSock_recv)
                  010139f8    00000058                         : slnetsock.oem4 (.text:SlNetSock_send)
                  01013a50    00000058     simplelink.a : sl_socket.obj (.text:_SlDrvClearCtrlSocket)
                  01013aa8    00000058     mqtt_release.a : client_core.oem4 (.text:clRecv)
                  01013b00    00000058     freertos_builds_CC3220SF_LAUNCHXL_release_ccs.lib : tasks.obj (.text:eTaskConfirmSleepModeStatus)
                  01013b58    00000058     mqtt_release.a : client_core.oem4 (.text:singleCtxKaSequence)
                  01013bb0    00000058     simplelink.a : sl_socket.obj (.text:sl_Listen)
                  01013c08    00000058                  : eventreg.obj (.text:sl_RegisterLibsEventHandler)
                  01013c60    00000058     freertos_builds_CC3220SF_LAUNCHXL_release_ccs.lib : port.obj (.text:vPortSetupTimerInterrupt)
                  01013cb8    00000058                                                       : queue.obj (.text:xQueueCreateCountingSemaphore)
                  01013d10    00000058                                                       : queue.obj (.text:xQueueTakeMutexRecursive)
                  01013d68    00000056     mqtt_release.a : mqtt_common.oem4 (.text:MQTT_packetPubAppendData)
                  01013dbe    00000056     freertos_builds_CC3220SF_LAUNCHXL_release_ccs.lib : SemaphoreP_freertos.obj (.text:SemaphoreP_create)
                  01013e14    00000056     drivers_cc32xx.aem4 : TimerCC32XX.oem4 (.text:TimerCC32XX_stop)
                  01013e6a    00000056     rtsv7M4_T_le_eabi.lib : _printfi.c.obj (.text:_pconv_f)
                  01013ec0    00000056     mqtt_release.a : client_core.oem4 (.text:procAckMsgRx)
                  01013f16    00000002     --HOLE-- [fill = 0]
                  01013f18    00000054     freertos_builds_CC3220SF_LAUNCHXL_release_ccs.lib : ClockP_freertos.obj (.text:ClockP_delete)
                  01013f6c    00000054     driverlib.a : interrupt.obj (.text:IntPrioritySet)
                  01013fc0    00000054     mqtt_release.a : client_core.oem4 (.text:MQTTClientCore_sendDisconn)
                  01014014    00000054     simplelink.a : driver.obj (.text:_SlDrvRxIrqHandler)
                  01014068    00000054     mqtt_release.a : client_core.oem4 (.text:grpNetSetupCreate)
                  010140bc    00000054     rtsv7M4_T_le_eabi.lib : ltoa.c.obj (.text:ltoa)
                  01014110    00000054     drivers_cc32xx.aem4 : UARTCC32XX.oem4 (.text:ringBufGet)
                  01014164    00000054     freertos_builds_CC3220SF_LAUNCHXL_release_ccs.lib : timers.obj (.text:xTimerCreateTimerTask)
                  010141b8    00000052     drivers_cc32xx.aem4 : PowerCC32XX_asm.oem4 (.text:PowerCC32XX_resumeLPDS)
                  0101420a    00000052     rtsv7M4_T_le_eabi.lib : _printfi.c.obj (.text:_ecpy)
                  0101425c    00000052     drivers_cc32xx.aem4 : TimerCC32XX.oem4 (.text:initHw)
                  010142ae    00000050                         : I2CCC32XX.oem4 (.text:I2CCC32XX_completeTransfer)
                  010142fe    00000002     --HOLE-- [fill = 0]
                  01014300    00000050     simplelink.a : cc_pal.obj (.text:NwpRegisterInterruptHandler)
                  01014350    00000050     slnetsock_release.a : slnetif.oem4 (.text:SlNetIf_queryIf)
                  010143a0    00000050     drivers_cc32xx.aem4 : TimerCC32XX.oem4 (.text:TimerCC32XX_allocateTimerResource)
                  010143f0    00000050     simplelink.a : sl_socket.obj (.text:_SlDrvCloseCtrlSocket)
                  01014440    00000050                  : driver.obj (.text:_SlDrvCmdSend_noWait)
                  01014490    00000050                  : driver.obj (.text:_SlDrvUpdateApiInProgress)
                  010144e0    00000050                  : spawn.obj (.text:_SlInternalSpawnTaskEntry)
                  01014530    00000050                  : eventreg.obj (.text:_SlNetAppHttpServerHdlr)
                  01014580    00000050                  : eventreg.obj (.text:_SlNetAppRequestHdlr)
                  010145d0    00000050     mqtt_release.a : client_core.oem4 (.text:_procAckMsgRx)
                  01014620    00000050     freertos_builds_CC3220SF_LAUNCHXL_release_ccs.lib : port.obj (.text:pxPortInitialiseStack)
                  01014670    00000050                                                       : semaphore.obj (.text:sem_init)
                  010146c0    00000050                                                       : queue.obj (.text:xQueueGiveMutexRecursive)
                  01014710    0000004e     mqtt_release.a : client_core.oem4 (.text:MQTTClientCore_registerWillInfo)
                  0101475e    00000002     --HOLE-- [fill = 0]
                  01014760    0000004c     drivers_cc32xx.aem4 : GPIOCC32XX.oem4 (.text:GPIO_enableInt)
                  010147ac    0000004c     simplelink.a : cc_pal.obj (.text:NwpWaitForShutDownInd)
                  010147f8    0000004c     drivers_cc32xx.aem4 : PowerCC32XX.oem4 (.text:PowerCC32XX_parkPin)
                  01014844    0000004c     slnetifwifi.a : slnetifwifi.obj (.text:SlNetIfWifi_getConnectionStatus)
                  01014890    0000004c     slnetsock_release.a : slnetsock.oem4 (.text:SlNetSock_freeVirtualSocket)
                  010148dc    0000004c                         : slnetsock.oem4 (.text:SlNetSock_startSec)
                  01014928    0000004c     mqtt_release.a : client_core.oem4 (.text:ack1WlMqpDispatch)
                  01014974    0000004c     rtsv7M4_T_le_eabi.lib : atoi.c.obj (.text:atoi)
                  010149c0    0000004c     debug.obj (.text:dbgTerminalError)
                  01014a0c    0000004c     freertos_builds_CC3220SF_LAUNCHXL_release_ccs.lib : startup_cc32xx_ccs.obj (.text:initVectors)
                  01014a58    0000004c     mqtt_release.a : client_core.oem4 (.text:loopbTrigger)
                  01014aa4    0000004c     freertos_builds_CC3220SF_LAUNCHXL_release_ccs.lib : timers.obj (.text:prvCheckForValidListAndQueue)
                  01014af0    0000004c                                                       : tasks.obj (.text:prvCheckTasksWaitingTermination)
                  01014b3c    0000004c     drivers_cc32xx.aem4 : PowerCC32XX.oem4 (.text:restorePeriphClocks)
                  01014b88    0000004c     mqtt_release.a : client_core.oem4 (.text:singleCtxRxPrep)
                  01014bd4    0000004c     simplelink.a : wlan.obj (.text:sl_WlanSetMode)
                  01014c20    0000004c     rtsv7M4_T_le_eabi.lib : snprintf.c.obj (.text:snprintf)
                  01014c6c    0000004c     freertos_builds_CC3220SF_LAUNCHXL_release_ccs.lib : port.obj (.text:vPortEnterCritical)
                  01014cb8    0000004a     mqtt_release.a : client_core.oem4 (.text:clCtxRecv)
                  01014d02    00000002     --HOLE-- [fill = 0]
                  01014d04    00000048     driverlib.a : flash.obj (.text:FlashDisable)
                  01014d4c    00000048     freertos_builds_CC3220SF_LAUNCHXL_release_ccs.lib : HwiPCC32XX_freertos.obj (.text:HwiP_dispatch)
                  01014d94    00000048     mqtt_release.a : mqttclient.oem4 (.text:MQTTClient_set)
                  01014ddc    00000048     driverlib.a : prcm.obj (.text:PRCMLPDSEnter)
                  01014e24    00000048                 : prcm.obj (.text:PRCMPeripheralClkEnable)
                  01014e6c    00000048     drivers_cc32xx.aem4 : PowerCC32XX.oem4 (.text:Power_releaseConstraint)
                  01014eb4    00000048     slnetsock_release.a : slnetsock.oem4 (.text:SlNetSock_connect)
                  01014efc    00000048                         : slnetsock.oem4 (.text:SlNetSock_init)
                  01014f44    00000048                         : slnetsock.oem4 (.text:SlNetSock_setOpt)
                  01014f8c    00000048     simplelink.a : eventreg.obj (.text:_SlDeviceFatalErrorEvtHdlr)
                  01014fd4    00000048                  : eventreg.obj (.text:_SlDeviceGeneralEvtHdlr)
                  0101501c    00000048                  : driver.obj (.text:_SlDrvBasicCmd)
                  01015064    00000048                  : driver.obj (.text:_SlDrvSyncObjWaitTimeout)
                  010150ac    00000048                  : eventreg.obj (.text:_SlNetAppEvtHdlr)
                  010150f4    00000048                  : eventreg.obj (.text:_SlNetAppRequestMemFree)
                  0101513c    00000048                  : eventreg.obj (.text:_SlSockEvtHdlr)
                  01015184    00000048                  : eventreg.obj (.text:_SlWlanEvtHdlr)
                  010151cc    00000048     mqtt_release.a : client_core.oem4 (.text:clCtxSetup)
                  01015214    00000048     client_cbs.obj (.text:jsoneq)
                  0101525c    00000048     rtsv7M4_T_le_eabi.lib : fd_toi_t2.asm.obj (.text)
                  010152a4    00000048     freertos_builds_CC3220SF_LAUNCHXL_release_ccs.lib : sleep.obj (.text:sleep)
                  010152ec    00000048                                                       : list.obj (.text:uxListRemove)
                  01015334    00000048     mqtt_release.a : client_core.oem4 (.text:wrConnectVh)
                  0101537c    00000046     drivers_cc32xx.aem4 : RingBuf.oem4 (.text:RingBuf_put)
                  010153c2    00000046                         : TimerCC32XX.oem4 (.text:getPrescaler)
                  01015408    00000044                         : ADC.oem4 (.text:ADC_init)
                  0101544c    00000044                         : I2C.oem4 (.text:I2C_init)
                  01015490    00000044     mqtt_release.a : client_core.oem4 (.text:MQTTClientCore_run)
                  010154d4    00000044                    : mqtt_net_func.oem4 (.text:MQTTNet_tcpRecv)
                  01015518    00000044     driverlib.a : prcm.obj (.text:PRCMLPDSRestoreInfoSet)
                  0101555c    00000044     drivers_cc32xx.aem4 : PowerCC32XX_asm.oem4 (.text:PowerCC32XX_enterLPDS)
                  010155a0    00000044                         : SPI.oem4 (.text:SPI_init)
                  010155e4    00000044     slnetsock_release.a : slnetutils.oem4 (.text:SlNetUtil_strTok)
                  01015628    00000044     drivers_cc32xx.aem4 : Timer.oem4 (.text:Timer_init)
                  0101566c    00000044                         : UART.oem4 (.text:UART_init)
                  010156b0    00000044     rtsv7M4_T_le_eabi.lib : autoinit.c.obj (.text:__TI_auto_init_nobinit_nopinit:__TI_auto_init_nobinit_nopinit)
                  010156f4    00000044     freertos_builds_CC3220SF_LAUNCHXL_release_ccs.lib : queue.obj (.text:prvInitialiseNewQueue)
                  01015738    00000044     rtsv7M4_T_le_eabi.lib : fd_tou_t2.asm.obj (.text)
                  0101577c    00000044     freertos_builds_CC3220SF_LAUNCHXL_release_ccs.lib : tasks.obj (.text:vTaskStepTick)
                  010157c0    00000044     mqtt_release.a : client_core.oem4 (.text:vhMsgSend)
                  01015804    00000042                    : mqtt_common.oem4 (.text:MQTT_packetBufRdRemlen)
                  01015846    00000042     freertos_builds_CC3220SF_LAUNCHXL_release_ccs.lib : memory.obj (.text:malloc)
                  01015888    00000040     drivers_cc32xx.aem4 : ADC.oem4 (.text:ADC_open)
                  010158c8    00000040     simplelink.a : sl_socket.obj (.text:CountSetBits)
                  01015908    00000040     drivers_cc32xx.aem4 : I2C.oem4 (.text:I2C_open)
                  01015948    00000040     network_if.obj (.text:InitializeAppVariables)
                  01015988    00000040     mqtt_release.a : client_core.oem4 (.text:MQTTClientCore_registerCtxInfo)
                  010159c8    00000040     driverlib.a : pin.obj (.text:PinModeSet)
                  01015a08    00000040     drivers_cc32xx.aem4 : RingBuf.oem4 (.text:RingBuf_get)
                  01015a48    00000040                         : SPI.oem4 (.text:SPI_open)
                  01015a88    00000040     slnetsock_release.a : slnetsock.oem4 (.text:SlNetSock_bind)
                  01015ac8    00000040                         : slnetsock.oem4 (.text:SlNetSock_secAttribSet)
                  01015b08    00000040     drivers_cc32xx.aem4 : Timer.oem4 (.text:Timer_open)
                  01015b48    00000040                         : UARTCC32XX.oem4 (.text:UARTCC32XX_read)
                  01015b88    00000040                         : UART.oem4 (.text:UART_open)
                  01015bc8    00000040                         : UDMACC32XX.oem4 (.text:UDMACC32XX_init)
                  01015c08    00000040     simplelink.a : driver.obj (.text:_SlDrvGlobalObjUnLock)
                  01015c48    00000040                  : driver.obj (.text:_SlFindAndReleasePendingCmd)
                  01015c88    00000040                  : spawn.obj (.text:_SlInternalSpawnWaitForEvent)
                  01015cc8    00000040                  : eventreg.obj (.text:_SlIsEventRegistered)
                  01015d08    00000040     mqtt_release.a : mqttclient.oem4 (.text:_sl_ExtLib_ServerAckLockedWait)
                  01015d48    00000040     client_cbs.obj (.text:jsmn_alloc_token)
                  01015d88    00000040     mqtt_release.a : client_core.oem4 (.text:netConnect)
                  01015dc8    00000040     freertos_builds_CC3220SF_LAUNCHXL_release_ccs.lib : tasks.obj (.text:vTaskPlaceOnEventListRestricted)
                  01015e08    0000003e                                                       : ClockP_freertos.obj (.text:ClockP_callbackFxn)
                  01015e46    0000003e     mqtt_release.a : mqtt_common.oem4 (.text:MQTT_packetAckWlistRemove)
                  01015e84    0000003e                    : mqtt_common.oem4 (.text:MQTT_packetBufTailWrRemlen)
                  01015ec2    0000003e     slnetsock_release.a : slnetsock.oem4 (.text:SlNetSock_close)
                  01015f00    0000003e     simplelink.a : sl_socket.obj (.text:_SlSocketBuildAddress)
                  01015f3e    0000003e     rtsv7M4_T_le_eabi.lib : _printfi.c.obj (.text:_fcpy)
                  01015f7c    0000003e     mqtt_release.a : client_core.oem4 (.text:clCtxSeg1Send)
                  01015fba    0000003e                    : client_core.oem4 (.text:procPingrspRx)
                  01015ff8    0000003e     freertos_builds_CC3220SF_LAUNCHXL_release_ccs.lib : pthread.obj (.text:pthread_setcancelstate)
                  01016036    0000003e                                                       : semaphore.obj (.text:sem_post)
                  01016074    0000003c     mqtt_release.a : client_core.oem4 (.text:MQTTClientCore_registerBuffers)
                  010160b0    0000003c                    : mqttclient.oem4 (.text:MQTTClient_disconnect)
                  010160ec    0000003c                    : mqtt_common.oem4 (.text:MQTT_qos2PubCqCheck)
                  01016128    0000003c     network_if.obj (.text:Network_IF_DisconnectFromAP)
                  01016164    0000003c     driverlib.a : prcm.obj (.text:PRCMSlowClkCtrFastGet)
                  010161a0    0000003c     drivers_cc32xx.aem4 : PowerCC32XX.oem4 (.text:Power_setConstraint)
                  010161dc    0000003c     simplelink.a : netapp.obj (.text:_SlNetAppCopyPingResultsToReport)
                  01016218    0000003c     ultraSonar_main.obj (.text:initUart)
                  01016254    0000003c     mqtt_release.a : mqttclient.oem4 (.text:processDisconnCB)
                  01016290    0000003c     freertos_builds_CC3220SF_LAUNCHXL_release_ccs.lib : queue.obj (.text:prvCopyDataFromQueue)
                  010162cc    0000003c                                                       : tasks.obj (.text:prvResetNextTaskUnblockTime)
                  01016308    0000003c                                                       : tasks.obj (.text:pvTaskGetThreadLocalStoragePointer)
                  01016344    0000003c     pixy_queue.obj (.text:sendI2CMsgToPixyQ)
                  01016380    0000003c     pixy_queue.obj (.text:sendTimeMsgToPixyQ)
                  010163bc    0000003c     mqtt_release.a : client_core.oem4 (.text:singleCtxRxPrepLocked)
                  010163f8    0000003c                    : client_core.oem4 (.text:tailIncorpMsgID)
                  01016434    0000003c     simplelink.a : sl_socket.obj (.text:to_mSec)
                  01016470    0000003c     freertos_builds_CC3220SF_LAUNCHXL_release_ccs.lib : sleep.obj (.text:usleep)
                  010164ac    0000003c                                                       : list.obj (.text:vListInsertEnd)
                  010164e8    0000003c                                                       : timers.obj (.text:xTimerCreate)
                  01016524    0000003a     slnetifwifi.a : slnetifwifi.obj (.text:SlNetIfWifi_getIPAddr)
                  0101655e    0000003a     drivers_cc32xx.aem4 : TimerCC32XX.oem4 (.text:TimerCC32XX_close)
                  01016598    0000003a     mqtt_release.a : mqtt_common.oem4 (.text:mqpProcVhMsgIdRx)
                  010165d2    00000002     --HOLE-- [fill = 0]
                  010165d4    00000038                    : client_core.oem4 (.text:MQTTClientCore_registerNetSvc)
                  0101660c    00000038                    : mqtt_common.oem4 (.text:MQTT_qos2PubCqLogup)
                  01016644    00000038     driverlib.a : prcm.obj (.text:PRCMLPDSEnterKeepDebugIf)
                  0101667c    00000038     slnetifwifi.a : slnetifwifi.obj (.text:SlNetIfWifi_recvFrom)
                  010166b4    00000038                   : slnetifwifi.obj (.text:SlNetIfWifi_sendTo)
                  010166ec    00000038                   : slnetifwifi.obj (.text:SlNetIfWifi_socket)
                  01016724    00000038     slnetsock_release.a : slnetif.oem4 (.text:SlNetIf_configCheck)
                  0101675c    00000038                         : slnetsock.oem4 (.text:SlNetSock_listen)
                  01016794    00000038                         : slnetutils.oem4 (.text:SlNetUtil_htonl)
                  010167cc    00000038     mqtt_release.a : client_core.oem4 (.text:mqpAllocAtomic)
                  01016804    00000038                    : client_core.oem4 (.text:netRecv)
                  0101683c    00000038     drivers_cc32xx.aem4 : PowerCC32XX.oem4 (.text:notify)
                  01016874    00000038     freertos_builds_CC3220SF_LAUNCHXL_release_ccs.lib : timers.obj (.text:prvGetNextExpireTime)
                  010168ac    00000038                                                       : port.obj (.text:prvTaskExitError)
                  010168e4    00000038     rtsv7M4_T_le_eabi.lib : sscanf.c.obj (.text:sscanf)
                  0101691c    00000036     mqtt_release.a : mqtt_common.oem4 (.text:MQTT_packetPrepFh)
                  01016952    00000036     slnetifwifi.a : slnetifwifi.obj (.text:SlNetIfWifi_getHostByName)
                  01016988    00000036                   : slnetifwifi.obj (.text:SlNetIfWifi_select)
                  010169be    00000036     drivers_cc32xx.aem4 : TimerCC32XX.oem4 (.text:TimerCC32XX_hwiIntFunction)
                  010169f4    00000036     driverlib.a : timer.obj (.text:TimerControlStall)
                  01016a2a    00000036     drivers_cc32xx.aem4 : UARTCC32XX.oem4 (.text:UARTCC32XX_readCancel)
                  01016a60    00000036     mqtt_release.a : client_core.oem4 (.text:_procPubRecRx)
                  01016a96    00000036     rtsv7M4_T_le_eabi.lib : strncpy.c.obj (.text:strncpy)
                  01016acc    00000034     driverlib.a : pin.obj (.text:PinModeGet)
                  01016b00    00000034     drivers_cc32xx.aem4 : PowerCC32XX.oem4 (.text:PowerCC32XX_restoreParkState)
                  01016b34    00000034     freertos_builds_CC3220SF_LAUNCHXL_release_ccs.lib : SemaphoreP_freertos.obj (.text:SemaphoreP_pend)
                  01016b68    00000034     slnetsock_release.a : slnetutils.oem4 (.text:SlNetUtil_htons)
                  01016b9c    00000034     drivers_cc32xx.aem4 : TimerCC32XX.oem4 (.text:TimerCC32XX_freeTimerResource)
                  01016bd0    00000034                         : UDMACC32XX.oem4 (.text:UDMACC32XX_close)
                  01016c04    00000034     debug.obj (.text:dbgOutputLoc)
                  01016c38    00000034     drivers_cc32xx.aem4 : TimerCC32XX.oem4 (.text:getPowerMgrId)
                  01016c6c    00000034     mqtt_release.a : client_core.oem4 (.text:groupCtxsKaSequence)
                  01016ca0    00000034     timer_pixy.obj (.text:init_timerPixy)
                  01016cd4    00000034     mqtt_release.a : client_core.oem4 (.text:mqpFreeLocked)
                  01016d08    00000034                    : client_core.oem4 (.text:procLoopbackRecv)
                  01016d3c    00000034     freertos_builds_CC3220SF_LAUNCHXL_release_ccs.lib : timers.obj (.text:prvSampleTimeNow)
                  01016d70    00000034     mqtt_queue.obj (.text:sendMqttFinishToSensorQ)
                  01016da4    00000034     freertos_builds_CC3220SF_LAUNCHXL_release_ccs.lib : tasks.obj (.text:vTaskPlaceOnEventList)
                  01016dd8    00000034                                                       : tasks.obj (.text:vTaskSetThreadLocalStoragePointer)
                  01016e0c    00000032     mqtt_release.a : mqtt_common.oem4 (.text:MQTT_clCtxTimeoutInsert)
                  01016e3e    00000032                    : client_core.oem4 (.text:connectedStateRx)
                  01016e70    00000030     drivers_cc32xx.aem4 : PowerCC32XX.oem4 (.text:PowerCC32XX_restoreParkedPin)
                  01016ea0    00000030     simplelink.a : fs.obj (.text:_SlFsStrlen)
                  01016ed0    00000030     rtsv7M4_T_le_eabi.lib : snprintf.c.obj (.text:_outs)
                  01016f00    00000030     mqtt_release.a : client_core.oem4 (.text:ack2MsgIdUnlog)
                  01016f30    00000030                    : client_core.oem4 (.text:bufUTF8WrTry)
                  01016f60    00000030                    : client_core.oem4 (.text:clientDescInit)
                  01016f90    00000030                    : mqttclient.oem4 (.text:getAvailableClictxMem)
                  01016fc0    00000030     freertos_builds_CC3220SF_LAUNCHXL_release_ccs.lib : list.obj (.text:vListInitialise)
                  01016ff0    00000030                                                       : port.obj (.text:vPortExitCritical)
                  01017020    00000030                                                       : tasks.obj (.text:xTaskGetSchedulerState)
                  01017050    0000002e     simplelink.a : cc_pal.obj (.text:Mutex_create_handle)
                  0101707e    0000002e     timer_pixy.obj (.text:init_I2C_transaction)
                  010170ac    0000002e     freertos_builds_CC3220SF_LAUNCHXL_release_ccs.lib : timers.obj (.text:pvTimerGetTimerID)
                  010170da    0000002e     rtsv7M4_T_le_eabi.lib : i_tofd_t2.asm.obj (.text)
                  01017108    0000002c     freertos_builds_CC3220SF_LAUNCHXL_release_ccs.lib : HwiPCC32XX_freertos.obj (.text:HwiP_disable)
                  01017134    0000002c     simplelink.a : cc_pal.obj (.text:NwpPowerOn)
                  01017160    0000002c     driverlib.a : prcm.obj (.text:PRCMLPDSIntervalSet)
                  0101718c    0000002c     drivers_cc32xx.aem4 : PowerCC32XX.oem4 (.text:PowerCC32XX_getParkState)
                  010171b8    0000002c     freertos_builds_CC3220SF_LAUNCHXL_release_ccs.lib : SemaphoreP_freertos.obj (.text:SemaphoreP_createBinary)
                  010171e4    0000002c     slnetifwifi.a : slnetifwifi.obj (.text:SlNetIfWifi_recv)
                  01017210    0000002c                   : slnetifwifi.obj (.text:SlNetIfWifi_send)
                  0101723c    0000002c     simplelink.a : driver.obj (.text:_SlDrvSyncObjWaitForever)
                  01017268    0000002c     mqtt_release.a : client_core.oem4 (.text:doNetCloseRx)
                  01017294    0000002c     timer_pixy.obj (.text:init_I2C)
                  010172c0    0000002c     client_cbs.obj (.text:jsmn_fill_token)
                  010172ec    0000002c     freertos_builds_CC3220SF_LAUNCHXL_release_ccs.lib : pthread_mutex.obj (.text:pthread_mutexattr_settype)
                  01017318    0000002c     mqtt_queue.obj (.text:sendMsgToMqtt)
                  01017344    0000002c     sensors_queue.obj (.text:sendMsgToSensorQ)
                  01017370    0000002c     mqtt_queue.obj (.text:sendMsgToStatQueue)
                  0101739c    0000002c     mqtt_release.a : client_core.oem4 (.text:singleCtxAdjWaitSecsGet)
                  010173c8    0000002c     rtsv7M4_T_le_eabi.lib : strncmp.c.obj (.text:strncmp)
                  010173f4    0000002c     freertos_builds_CC3220SF_LAUNCHXL_release_ccs.lib : tasks.obj (.text:vTaskSetApplicationTaskTag)
                  01017420    0000002c                                                       : port.obj (.text:xPortSysTickHandler)
                  0101744c    0000002c                                                       : queue.obj (.text:xQueueCreateMutex)
                  01017478    0000002a     slnetsock_release.a : slnetutils.oem4 (.text:SlNetUtil_inetPton)
                  010174a2    0000002a     driverlib.a : timer.obj (.text:TimerLoadSet)
                  010174cc    0000002a                 : timer.obj (.text:TimerPrescaleSet)
                  010174f6    0000002a     mqtt_release.a : client_core.oem4 (.text:ack2MsgIdDispatch)
                  01017520    0000002a                    : client_core.oem4 (.text:pingReqSend)
                  0101754a    0000002a     freertos_builds_CC3220SF_LAUNCHXL_release_ccs.lib : queue.obj (.text:prvInitialiseMutex)
                  01017574    0000002a     mqtt_release.a : client_core.oem4 (.text:txPartSetup)
                  0101759e    0000002a     freertos_builds_CC3220SF_LAUNCHXL_release_ccs.lib : queue.obj (.text:uxQueueMessagesWaiting)
                  010175c8    00000028                                                       : HwiPCC32XX_freertos.obj (.text:HwiP_inISR)
                  010175f0    00000028     mqtt_release.a : mqtt_common.oem4 (.text:MQTT_packetBufWrUtf8)
                  01017618    00000028     mqtt_client_app.obj (.text:MqttClientThread)
                  01017640    00000028     driverlib.a : prcm.obj (.text:PRCMLPDSWakeupSourceEnable)
                  01017668    00000028                 : prcm.obj (.text:PRCMPeripheralClkDisable)
                  01017690    00000028     drivers_cc32xx.aem4 : PowerCC32XX.oem4 (.text:Power_registerNotify)
                  010176b8    00000028     slnetsock_release.a : slnetif.oem4 (.text:SlNetIf_getIfByID)
                  010176e0    00000028                         : slnetsock.oem4 (.text:SlNetSock_sdsIsSet)
                  01017708    00000028                         : slnetsock.oem4 (.text:SlNetSock_sdsSet)
                  01017730    00000028                         : slnetsock.oem4 (.text:SlNetSock_secAttribDelete)
                  01017758    00000028     simplelink.a : driver.obj (.text:_SlDrvProtectionObjLockWaitForever)
                  01017780    00000028                  : driver.obj (.text:_SlDrvProtectionObjUnLock)
                  010177a8    00000028                  : flowcont.obj (.text:_SlFlowContSet)
                  010177d0    00000028     mqtt_release.a : client_core.oem4 (.text:_procPubRelRx)
                  010177f8    00000028                    : mqttclient.oem4 (.text:_sl_ExtLib_AwaitedAckLockedSet)
                  01017820    00000028     freertos_builds_CC3220SF_LAUNCHXL_release_ccs.lib : pthread.obj (.text:pthread_attr_setschedparam)
                  01017848    00000028                                                       : semaphore.obj (.text:sem_trywait)
                  01017870    00000028                                                       : tasks.obj (.text:xTaskGetApplicationTaskTag)
                  01017898    00000026     drivers_cc32xx.aem4 : List.oem4 (.text:List_put)
                  010178be    00000026                         : List.oem4 (.text:List_remove)
                  010178e4    00000026     mqtt_release.a : mqtt_common.oem4 (.text:MQTT_clCtxRemove)
                  0101790a    00000026     freertos_builds_CC3220SF_LAUNCHXL_release_ccs.lib : pthread.obj (.text:_pthread_cleanup_pop)
                  01017930    00000026                                                       : queue.obj (.text:prvIsQueueFull)
                  01017956    00000002     --HOLE-- [fill = 0]
                  01017958    00000024     driverlib.a : interrupt.obj (.text:IntUnregister)
                  0101797c    00000024     slnetsock_release.a : slnetif.oem4 (.text:SlNetIf_getConnectionStatus)
                  010179a0    00000024     simplelink.a : driver.obj (.text:_SlDrvIsApiInProgress)
                  010179c4    00000024                  : driver.obj (.text:_SlDrvStartMeasureTimeout)
                  010179e8    00000024     rtsv7M4_T_le_eabi.lib : boot_cortex_m.c.obj (.text:_c_int00_noargs:_c_int00_noargs)
                  01017a0c    00000024     mqtt_release.a : client_core.oem4 (.text:conn2usedCtxs)
                  01017a30    00000024     mqtt_queue.obj (.text:createStatQ)
                  01017a54    00000024     freertos_builds_CC3220SF_LAUNCHXL_release_ccs.lib : queue.obj (.text:prvGetDisinheritPriorityAfterTimeout)
                  01017a78    00000024     mqtt_queue.obj (.text:recieveMsgFromMqtt)
                  01017a9c    00000024     mqtt_queue.obj (.text:recieveMsgFromStatQueue)
                  01017ac0    00000024     mqtt_release.a : client_core.oem4 (.text:recvHvecLoad)
                  01017ae4    00000024     freertos_builds_CC3220SF_LAUNCHXL_release_ccs.lib : semaphore.obj (.text:sem_getvalue)
                  01017b08    00000024     simplelink.a : wlan.obj (.text:sl_WlanDisconnect)
                  01017b2c    00000024     freertos_builds_CC3220SF_LAUNCHXL_release_ccs.lib : queue.obj (.text:vQueueDelete)
                  01017b50    00000024                                                       : tasks.obj (.text:vTaskInternalSetTimeOutState)
                  01017b74    00000022     mqtt_release.a : mqtt_common.oem4 (.text:MQTT_packetProcMsgIdAckRx)
                  01017b96    00000022     freertos_builds_CC3220SF_LAUNCHXL_release_ccs.lib : SemaphoreP_freertos.obj (.text:SemaphoreP_post)
                  01017bb8    00000022                                                       : aeabi_portable.obj (.text:__aeabi_errno_addr)
                  01017bda    00000022                                                       : pthread.obj (.text:pthread_attr_setdetachstate)
                  01017bfc    00000020     drivers_cc32xx.aem4 : ADCCC32XX.oem4 (.text:ADCCC32XX_convertToMicroVolts)
                  01017c1c    00000020     freertos_builds_CC3220SF_LAUNCHXL_release_ccs.lib : ClockP_freertos.obj (.text:ClockP_getCpuFreq)
                  01017c3c    00000020                                                       : HwiPCC32XX_freertos.obj (.text:HwiP_restore)
                  01017c5c    00000020     driverlib.a : interrupt.obj (.text:IntRegister)
                  01017c7c    00000020     mqtt_release.a : mqtt_common.oem4 (.text:MQTT_qos2PubCqReset)
                  01017c9c    00000020     drivers_cc32xx.aem4 : PowerCC32XX.oem4 (.text:Power_unregisterNotify)
                  01017cbc    00000020                         : RingBuf.oem4 (.text:RingBuf_peek)
                  01017cdc    00000020     slnetifwifi.a : slnetifwifi.obj (.text:SlNetIfWifi_accept)
                  01017cfc    00000020     mqtt_queue.obj (.text:createMqttQ)
                  01017d1c    00000020     pixy_queue.obj (.text:createPixyQ)
                  01017d3c    00000020     sensors_queue.obj (.text:createSensorQ)
                  01017d5c    00000020     drivers_cc32xx.aem4 : SPICC32XXDMA.oem4 (.text:getPowerMgrId)
                  01017d7c    00000020                         : UARTCC32XX.oem4 (.text:getPowerMgrId)
                  01017d9c    00000020     timer_pixy.obj (.text:i2cCallback)
                  01017dbc    00000020     freertos_builds_CC3220SF_LAUNCHXL_release_ccs.lib : queue.obj (.text:prvIsQueueEmpty)
                  01017ddc    00000020     rtsv7M4_T_le_eabi.lib : u_tofd_t2.asm.obj (.text)
                  01017dfc    00000020     freertos_builds_CC3220SF_LAUNCHXL_release_ccs.lib : semaphore.obj (.text:semaphorePend)
                  01017e1c    00000020     mqtt_release.a : client_core.oem4 (.text:session311fix)
                  01017e3c    0000001e     freertos_builds_CC3220SF_LAUNCHXL_release_ccs.lib : ClockP_freertos.obj (.text:ClockP_start)
                  01017e5a    0000001e                                                       : HwiPCC32XX_freertos.obj (.text:HwiP_Params_init)
                  01017e78    0000001e     mqtt_release.a : client_core.oem4 (.text:MQTTClientCore_alloc)
                  01017e96    0000001e                    : client_core.oem4 (.text:MQTTClientCore_ctxRun)
                  01017eb4    0000001e     slnetifwifi.a : slnetifwifi.obj (.text:SlNetIfWifi_bind)
                  01017ed2    0000001e                   : slnetifwifi.obj (.text:SlNetIfWifi_connect)
                  01017ef0    0000001e     driverlib.a : timer.obj (.text:TimerDisable)
                  01017f0e    0000001e                 : timer.obj (.text:TimerEnable)
                  01017f2c    0000001e     simplelink.a : driver.obj (.text:_SlDrvObjLockWaitForever)
                  01017f4a    0000001e                  : driver.obj (.text:_SlDrvObjUnLock)
                  01017f68    0000001e                  : driver.obj (.text:_SlDrvSyncObjSignal)
                  01017f86    0000001e     freertos_builds_CC3220SF_LAUNCHXL_release_ccs.lib : pthread.obj (.text:_pthread_runStub)
                  01017fa4    0000001e     client_cbs.obj (.text:jsmn_init)
                  01017fc2    0000001e     drivers_cc32xx.aem4 : UDMACC32XX.oem4 (.text:postNotifyFxn)
                  01017fe0    0000001e     mqtt_release.a : client_core.oem4 (.text:procNetDataRecv)
                  01017ffe    0000001e                    : client_core.oem4 (.text:sessionDelete)
                  0101801c    0000001c     freertos_builds_CC3220SF_LAUNCHXL_release_ccs.lib : ClockP_freertos.obj (.text:ClockP_Params_init)
                  01018038    0000001c     driverlib.a : pin.obj (.text:PinToPadGet)
                  01018054    0000001c     simplelink.a : device.obj (.text:_SlDeviceGetStartResponseConvert)
                  01018070    0000001c                  : spawn.obj (.text:_SlInternalIsItSpawnThread)
                  0101808c    0000001c     mqtt_release.a : client_core.oem4 (.text:doNetCloseTx)
                  010180a8    0000001c     rtsv7M4_T_le_eabi.lib : memccpy.c.obj (.text:memccpy)
                  010180c4    0000001c     mqtt_release.a : client_core.oem4 (.text:processRecv)
                  010180e0    0000001c     freertos_builds_CC3220SF_LAUNCHXL_release_ccs.lib : pthread.obj (.text:pthread_attr_init)
                  010180fc    0000001c                                                       : pthread_mutex.obj (.text:pthread_mutexattr_init)
                  01018118    0000001c                                                       : tasks.obj (.text:pvTaskIncrementMutexHeldCount)
                  01018134    0000001c     mqtt_release.a : client_core.oem4 (.text:usedCtxsTOSort)
                  01018150    0000001a                    : mqtt_common.oem4 (.text:MQTT_packetAckWlistPurge)
                  0101816a    0000001a     freertos_builds_CC3220SF_LAUNCHXL_release_ccs.lib : PTLS.obj (.text:PTLS_taskDeleteHook)
                  01018184    0000001a     slnetifwifi.a : slnetifwifi.obj (.text:SlNetIfWifi_listen)
                  0101819e    0000001a     freertos_builds_CC3220SF_LAUNCHXL_release_ccs.lib : timers.obj (.text:prvTimerTask)
                  010181b8    0000001a                                                       : pthread_mutex.obj (.text:pthread_mutex_destroy)
                  010181d2    00000018     mqtt_release.a : mqtt_common.oem4 (.text:MQTT_clCtxTimeoutUpdate)
                  010181ea    00000002     --HOLE-- [fill = 0]
                  010181ec    00000018     drivers_cc32xx.aem4 : PowerCC32XX.oem4 (.text:Power_idleFunc)
                  01018204    00000018                         : TimerCC32XX.oem4 (.text:TimerCC32XX_getCount)
                  0101821c    00000018     driverlib.a : timer.obj (.text:TimerIntDisable)
                  01018234    00000018                 : timer.obj (.text:TimerIntEnable)
                  0101824c    00000018                 : uart.obj (.text:UARTBusy)
                  01018264    00000018                 : uart.obj (.text:UARTIntEnable)
                  0101827c    00000018     rtsv7M4_T_le_eabi.lib : snprintf.c.obj (.text:_outc)
                  01018294    00000018     freertos_builds_CC3220SF_LAUNCHXL_release_ccs.lib : memory.obj (.text:free)
                  010182ac    00000018     mqtt_release.a : client_core.oem4 (.text:groupCtxsAdjWaitSecsGet)
                  010182c4    00000018                    : client_core.oem4 (.text:netClCtxFind)
                  010182dc    00000018     timer_pixy.obj (.text:read_I2C)
                  010182f4    00000018     rtsv7M4_T_le_eabi.lib : ll_mul_t2.asm.obj (.text)
                  0101830c    00000018     freertos_builds_CC3220SF_LAUNCHXL_release_ccs.lib : semaphore.obj (.text:sem_wait)
                  01018324    00000018     rtsv7M4_T_le_eabi.lib : strrchr.c.obj (.text:strrchr)
                  0101833c    00000016     freertos_builds_CC3220SF_LAUNCHXL_release_ccs.lib : ClockP_freertos.obj (.text:ClockP_setTimeout)
                  01018352    00000016     mqtt_release.a : mqtt_net_func.oem4 (.text:MQTTNet_commClose)
                  01018368    00000016                    : mqtt_common.oem4 (.text:MQTT_clCtxReset)
                  0101837e    00000016                    : mqtt_common.oem4 (.text:MQTT_packetFree)
                  01018394    00000016                    : mqtt_common.oem4 (.text:MQTT_packetInit)
                  010183aa    00000016     driverlib.a : prcm.obj (.text:PRCMHIBRegRead)
                  010183c0    00000016                 : prcm.obj (.text:PRCMHIBRegWrite)
                  010183d6    00000016     freertos_builds_CC3220SF_LAUNCHXL_release_ccs.lib : PTLS.obj (.text:PTLS_getBuf)
                  010183ec    00000016                                                       : PTLS.obj (.text:PTLS_setBuf)
                  01018402    00000016                                                       : SemaphoreP_freertos.obj (.text:SemaphoreP_Params_init)
                  01018418    00000016     simplelink.a : driver.obj (.text:_SlDrvMemZero)
                  0101842e    00000016     timer_pixy.obj (.text:pixyTimerCallback)
                  01018444    00000016     freertos_builds_CC3220SF_LAUNCHXL_release_ccs.lib : startup_cc32xx_ccs.obj (.text:resetISR)
                  0101845a    00000016     rtsv7M4_T_le_eabi.lib : strchr.c.obj (.text:strchr)
                  01018470    00000014     driverlib.a : cpu.obj (.text:CPUcpsie)
                  01018484    00000014                 : interrupt.obj (.text:IntVTableBaseSet)
                  01018498    00000014     mqtt_release.a : mqttclient.oem4 (.text:MQTTClient_publish)
                  010184ac    00000014                    : mqtt_net_func.oem4 (.text:MQTTNet_rtcSecs)
                  010184c0    00000014                    : mqtt_common.oem4 (.text:MQTT_packetAckWlistAppend)
                  010184d4    00000014                    : mqtt_common.oem4 (.text:MQTT_packetReset)
                  010184e8    00000014     drivers_cc32xx.aem4 : PowerCC32XX.oem4 (.text:Power_getDependencyCount)
                  010184fc    00000014                         : SPI.oem4 (.text:SPI_Params_init)
                  01018510    00000014     slnetsock_release.a : slnetsock.oem4 (.text:SlNetSock_sdsClrAll)
                  01018524    00000014     mqtt_release.a : client_core.oem4 (.text:ack1WlRmfree)
                  01018538    00000014     freertos_builds_CC3220SF_LAUNCHXL_release_ccs.lib : tasks.obj (.text:prvDeleteTCB)
                  0101854c    00000014                                                       : pthread.obj (.text:pthread_attr_setstacksize)
                  01018560    00000014                                                       : pthread_mutex.obj (.text:pthread_mutex_lock)
                  01018574    00000014                                                       : pthread.obj (.text:pthread_self)
                  01018588    00000014     drivers_cc32xx.aem4 : UARTCC32XX.oem4 (.text:releasePowerConstraint)
                  0101859c    00000014     freertos_builds_CC3220SF_LAUNCHXL_release_ccs.lib : semaphore.obj (.text:sem_destroy)
                  010185b0    00000014     rtsv7M4_T_le_eabi.lib : strcpy.c.obj (.text:strcpy)
                  010185c4    00000014                           : strlen.c.obj (.text:strlen)
                  010185d8    00000014     mqtt_release.a : client_core.oem4 (.text:txPartBufP)
                  010185ec    00000014                    : client_core.oem4 (.text:txPartReset)
                  01018600    00000014     freertos_builds_CC3220SF_LAUNCHXL_release_ccs.lib : PowerCC32XX_freertos.obj (.text:vPortSuppressTicksAndSleep)
                  01018614    00000014                                                       : tasks.obj (.text:xTaskGetCurrentTaskHandle)
                  01018628    00000014                                                       : tasks.obj (.text:xTaskGetTickCount)
                  0101863c    00000012                                                       : HwiPCC32XX_freertos.obj (.text:HwiP_delete)
                  0101864e    00000012     drivers_cc32xx.aem4 : RingBuf.oem4 (.text:RingBuf_construct)
                  01018660    00000012     slnetifwifi.a : slnetifwifi.obj (.text:SlNetIfWifi_close)
                  01018672    00000012     driverlib.a : timer.obj (.text:TimerIntClear)
                  01018684    00000012     rtsv7M4_T_le_eabi.lib : sscanf.c.obj (.text:_inpchar)
                  01018696    00000012     mqtt_release.a : client_core.oem4 (.text:mqpDoNotReportCor)
                  010186a8    00000012                    : client_core.oem4 (.text:sessionResume)
                  010186ba    00000012     rtsv7M4_T_le_eabi.lib : wcslen.c.obj (.text:wcslen)
                  010186cc    00000010     Board.obj (.text:Board_init)
                  010186dc    00000010     freertos_builds_CC3220SF_LAUNCHXL_release_ccs.lib : ClockP_freertos.obj (.text:ClockP_getSystemTickPeriod)
                  010186ec    00000010     drivers_cc32xx.aem4 : I2C.oem4 (.text:I2C_Params_init)
                  010186fc    00000010     slnetsock_release.a : slnetsock.oem4 (.text:SlNetSock_secAttribCreate)
                  0101870c    00000010     driverlib.a : systick.obj (.text:SysTickDisable)
                  0101871c    00000010                 : systick.obj (.text:SysTickEnable)
                  0101872c    00000010     drivers_cc32xx.aem4 : Timer.oem4 (.text:Timer_Params_init)
                  0101873c    00000010     simplelink.a : driver.obj (.text:_SlDrvDispatchHttpServerEvents)
[...]
01016075  MQTTClientCore_registerBuffers            
010160b1  MQTTClient_disconnect                     
010160ed  MQTT_qos2PubCqCheck                       
01016129  Network_IF_DisconnectFromAP               
01016165  PRCMSlowClkCtrFastGet                     
010161a1  Power_setConstraint                       
01016219  initUart                                  
01016309  pvTaskGetThreadLocalStoragePointer        
01016345  sendI2CMsgToPixyQ                         
01016381  sendTimeMsgToPixyQ                        
01016471  usleep                                    
010164ad  vListInsertEnd                            
010164e9  xTimerCreate                              
01016525  SlNetIfWifi_getIPAddr                     
0101655f  TimerCC32XX_close                         
010165d5  MQTTClientCore_registerNetSvc             
0101660d  MQTT_qos2PubCqLogup                       
01016645  PRCMLPDSEnterKeepDebugIf                  
0101667d  SlNetIfWifi_recvFrom                      
010166b5  SlNetIfWifi_sendTo                        
010166ed  SlNetIfWifi_socket                        
0101675d  SlNetSock_listen                          
01016795  SlNetUtil_htonl                           
01016795  SlNetUtil_ntohl                           
010168e5  sscanf                                    
0101691d  MQTT_packetPrepFh                         
01016953  SlNetIfWifi_getHostByName                 
01016989  SlNetIfWifi_select                        
010169f5  TimerControlStall                         
01016a2b  UARTCC32XX_readCancel                     
01016a97  strncpy                                   
01016acd  PinModeGet                                
01016b01  PowerCC32XX_restoreParkState              
01016b35  SemaphoreP_pend                           
01016b69  SlNetUtil_htons                           
01016b69  SlNetUtil_ntohs                           
01016b9d  TimerCC32XX_freeTimerResource             
01016bd1  UDMACC32XX_close                          
01016c05  dbgOutputLoc                              
01016ca1  init_timerPixy                            
01016d71  sendMqttFinishToSensorQ                   
01016da5  vTaskPlaceOnEventList                     
01016dd9  vTaskSetThreadLocalStoragePointer         
01016e0d  MQTT_clCtxTimeoutInsert                   
01016e71  PowerCC32XX_restoreParkedPin              
01016fc1  vListInitialise                           
01016ff1  vPortExitCritical                         
01017021  xTaskGetSchedulerState                    
01017051  Mutex_create_handle                       
0101707f  init_I2C_transaction                      
010170ad  pvTimerGetTimerID                         
010170db  __aeabi_i2d                               
01017109  HwiP_disable                              
01017135  NwpPowerOn                                
01017161  PRCMLPDSIntervalSet                       
0101718d  PowerCC32XX_getParkState                  
010171b9  SemaphoreP_createBinary                   
010171e5  SlNetIfWifi_recv                          
01017211  SlNetIfWifi_send                          
0101723d  _SlDrvSyncObjWaitForever                  
01017295  init_I2C                                  
010172ed  pthread_mutexattr_settype                 
01017319  sendMsgToMqtt                             
01017345  sendMsgToSensorQ                          
01017371  sendMsgToStatQueue                        
010173c9  strncmp                                   
010173f5  vTaskSetApplicationTaskTag                
01017421  xPortSysTickHandler                       
0101744d  xQueueCreateMutex                         
01017479  SlNetUtil_inetPton                        
010174a3  TimerLoadSet                              
010174cd  TimerPrescaleSet                          
0101759f  uxQueueMessagesWaiting                    
010175c9  HwiP_inISR                                
010175f1  MQTT_packetBufWrUtf8                      
01017619  MqttClientThread                          
01017641  PRCMLPDSWakeupSourceEnable                
01017669  PRCMPeripheralClkDisable                  
01017691  Power_registerNotify                      
010176b9  SlNetIf_getIfByID                         
010176e1  SlNetSock_sdsIsSet                        
01017709  SlNetSock_sdsSet                          
01017731  SlNetSock_secAttribDelete                 
01017759  _SlDrvProtectionObjLockWaitForever        
01017781  _SlDrvProtectionObjUnLock                 
010177a9  _SlFlowContSet                            
010177f9  _sl_ExtLib_AwaitedAckLockedSet            
01017821  pthread_attr_setschedparam                
01017849  sem_trywait                               
01017871  xTaskGetApplicationTaskTag                
01017899  List_put                                  
010178bf  List_remove                               
010178e5  MQTT_clCtxRemove                          
0101790b  _pthread_cleanup_pop                      
01017959  IntUnregister                             
0101797d  SlNetIf_getConnectionStatus               
010179a1  _SlDrvIsApiInProgress                     
010179c5  _SlDrvStartMeasureTimeout                 
010179e9  _c_int00_noargs                           
01017a31  createStatQ                               
01017a79  recieveMsgFromMqtt                        
01017a9d  recieveMsgFromStatQueue                   
01017ae5  sem_getvalue                              
01017b09  sl_WlanDisconnect                         
01017b2d  vQueueDelete                              
01017b51  vTaskInternalSetTimeOutState              
01017b75  MQTT_packetProcMsgIdAckRx                 
01017b97  SemaphoreP_post                           
01017bb9  __aeabi_errno_addr                        
01017bdb  pthread_attr_setdetachstate               
01017bfd  ADCCC32XX_convertToMicroVolts             
01017c1d  ClockP_getCpuFreq                         
01017c3d  HwiP_restore                              
01017c5d  IntRegister                               
01017c7d  MQTT_qos2PubCqReset                       
01017c9d  Power_unregisterNotify                    
01017cbd  RingBuf_peek                              
01017cdd  SlNetIfWifi_accept                        
01017cfd  createMqttQ                               
01017d1d  createPixyQ                               
01017d3d  createSensorQ                             
01017d9d  i2cCallback                               
01017ddd  __aeabi_ui2d                              
01017e3d  ClockP_start                              
01017e5b  HwiP_Params_init                          
01017e79  MQTTClientCore_alloc                      
01017e97  MQTTClientCore_ctxRun                     
01017eb5  SlNetIfWifi_bind                          
01017ed3  SlNetIfWifi_connect                       
01017ef1  TimerDisable                              
01017f0f  TimerEnable                               
01017f2d  _SlDrvObjLockWaitForever                  
01017f4b  _SlDrvObjUnLock                           
01017f69  _SlDrvSyncObjSignal                       
01017fa5  jsmn_init                                 
0101801d  ClockP_Params_init                        
01018039  PinToPadGet                               
01018071  _SlInternalIsItSpawnThread                
010180a9  memccpy                                   
010180e1  pthread_attr_init                         
010180fd  pthread_mutexattr_init                    
01018119  pvTaskIncrementMutexHeldCount             
01018151  MQTT_packetAckWlistPurge                  
0101816b  PTLS_taskDeleteHook                       
01018185  SlNetIfWifi_listen                        
010181b9  pthread_mutex_destroy                     
010181d3  MQTT_clCtxTimeoutUpdate                   
010181ed  Power_idleFunc                            
01018205  TimerCC32XX_getCount                      
0101821d  TimerIntDisable                           
01018235  TimerIntEnable                            
0101824d  UARTBusy                                  
01018265  UARTIntEnable                             
01018295  free                                      
010182dd  read_I2C                                  
010182f5  __aeabi_lmul                              
0101830d  sem_wait                                  
01018325  strrchr                                   
0101833d  ClockP_setTimeout                         
01018353  MQTTNet_commClose                         
01018369  MQTT_clCtxReset                           
0101837f  MQTT_packetFree                           
01018395  MQTT_packetInit                           
010183ab  PRCMHIBRegRead                            
010183c1  PRCMHIBRegWrite                           
010183d7  PTLS_getBuf                               
010183ed  PTLS_setBuf                               
01018403  SemaphoreP_Params_init                    
01018419  _SlDrvMemZero                             
0101842f  pixyTimerCallback                         
01018445  resetISR                                  
01018454  resetVectorAddr                           
0101845b  strchr                                    
01018471  CPUcpsie                                  
01018485  IntVTableBaseSet                          
01018499  MQTTClient_publish                        
010184ad  MQTTNet_rtcSecs                           
010184c1  MQTT_packetAckWlistAppend                 
010184d5  MQTT_packetReset                          
010184e9  Power_getDependencyCount                  
010184fd  SPI_Params_init                           
01018511  SlNetSock_sdsClrAll                       
0101854d  pthread_attr_setstacksize                 
01018561  pthread_mutex_lock                        
01018575  pthread_self                              
0101859d  sem_destroy                               
010185b1  strcpy                                    
010185c5  strlen                                    
01018601  vPortSuppressTicksAndSleep                
01018615  xTaskGetCurrentTaskHandle                 
01018629  xTaskGetTickCount                         
0101863d  HwiP_delete                               
0101864f  RingBuf_construct                         
01018661  SlNetIfWifi_close                         
01018673  TimerIntClear                             
010186bb  wcslen                                    
010186cd  Board_init                                
010186dd  ClockP_getSystemTickPeriod                
010186ed  I2C_Params_init                           
010186fd  SlNetSock_secAttribCreate                 
0101870d  SysTickDisable                            
0101871d  SysTickEnable                             
0101872d  Timer_Params_init                         
0101873d  _SlDrvDispatchHttpServerEvents            
0101874d  _SlDrvDispatchNetAppRequestEvents         
0101875d  _SlDrvIsSpawnOwnGlobalLock                
010187bd  vListInitialiseItem                       
010187cd  vTaskSuspendAll                           
010187dd  MQTTClient_subscribe                      
010187eb  Power_getTransitionLatency                
010187f9  RingBuf_isFull                            
01018807  _SlDrvResetCmdExt                         
01018815  _sl_ExtLib_AwaitedAckSet                  
01018831  __TI_decompress_none                      
0101884d  spi_Close                                 
0101885b  CPUwfi                                    
01018867  HwiP_clearInterrupt                       
01018873  HwiP_disableInterrupt                     
0101887f  HwiP_enableInterrupt                      
0101888b  MQTTClientCore_sendConnectMsg             
01018897  MQTT_secureConnStructInit                 
010188a5  Network_IF_ResetMCUStateMachine           
010188b1  NwpMaskInterrupt                          
010188bd  NwpUnMaskInterrupt                        
010188c9  Power_getConstraintMask                   
010188d5  SemaphoreP_delete                         
010188e1  SimpleLinkHttpServerEventHandler          
010188ed  SimpleLinkNetAppRequestEventHandler       
010188f9  _SlDeviceResetRequestInitCompletedCB      
01018911  copysign                                  
01018911  copysignl                                 
0101891d  __TI_zero_init                            
0101894d  uDMAErrorStatusClear                      
01018959  uDMAErrorStatusGet                        
01018965  vTaskMissedYield                          
01018971  ADC_Params_init                           
0101897b  ADC_convert                               
01018985  ADC_convertToMicroVolts                   
0101898f  I2C_transfer                              
01018999  IntMasterEnable                           
010189a3  SPI_close                                 
010189ad  SPI_transfer                              
010189b7  SimpleLinkFatalErrorEventHandler          
010189c1  SimpleLinkGeneralEventHandler             
010189cb  SimpleLinkNetAppRequestMemFreeEventHandler
010189d5  SimpleLinkSockEventHandler                
010189df  Timer_start                               
010189e9  UART_read                                 
010189f3  sl_Task                                   
010189fd  vApplicationStackOverflowHook             
01018a07  ADCCC32XX_init                            
01018a0f  ClockP_getSystemTicks                     
01018a1f  MQTTClientCore_sendSubMsg                 
01018a27  MQTTNet_tcpSend                           
01018a2f  PRCMSleepEnter                            
01018a37  TimerGetCurrentTimestamp                  
01018a67  ADCCC32XX_control                         
01018a6d  I2CCC32XX_control                         
01018a73  SPICC32XXDMA_control                      
01018a79  TimerCC32XX_control                       
01018a7f  UtilsDelay                                
01018a9d  SPICC32XXDMA_init                         
01018aa1  SlNetIf_init                              
01018aa5  SlNetUtil_init                            
01018aa9  _system_pre_init                          
01018aad  C$$EXIT                                   
01018aad  abort                                     
01018ab8  _ctypes_                                  
01018f00  spiCC32XXDMAHWAttrs                       
01018fe8  OpcodeTranslateTable                      
01019058  _SlActionLookupTable                      
010190a8  correspond                                
010190f8  PowerCC32XX_config                        
01019138  UARTCC32XX_fxnTable                       
01019160  lookup                                    
01019188  UART_defaultParams                        
010191f1  qos                                       
01019214  SPI_defaultParams                         
01019274  timerCC32XXHWAttrs                        
01019294  TimerCC32XX_fxnTable                      
010192b0  ADCCC32XX_fxnTable                        
010192c8  I2CCC32XX_fxnTable                        
010192e0  SPICC32XXDMA_fxnTable                     
010192f8  SPI_config                                
01019310  Timer_config                              
010193e8  GPIOCC32XX_config                         
0101948c  I2C_defaultParams                         
010194cc  i2cCC32XXHWAttrs                          
010194f8  ADC_config                                
01019504  I2C_config                                
01019510  UART_config                               
01019558  udmaCC3220SHWAttrs                        
01019564  ADC_defaultParams                         
0101956c  UDMACC32XX_config                         
0101957c  ulMaxSyscallInterruptPriority             
0101959c  outPinTypes                               
010195ac  ADC_count                                 
010195ad  CryptoCC32XX_count                        
010195ae  I2C_count                                 
010195af  SPI_count                                 
010195b0  Timer_count                               
010195b1  UART_count                                
010195b2  Watchdog_count                            
010195ba  inPinTypes                                
010195c0  outPinStrengths                           
01019600  _SlNetAppSendResponseCmdCtrl              
01019604  _SlNetAppSendTokenValueCmdCtrl            
01019634  adcCC32XXHWAttrs                          
01019648  __TI_static_base__                        
010197ec  __TI_Handler_Table_Base                   
010197f8  __TI_Handler_Table_Limit                  
01019800  __TI_CINIT_Base                           
01019810  __TI_CINIT_Limit                          
20021000  g_CB                                      
200213fc  clients                                   
200216ac  PowerCC32XX_contextSave                   
20021970  spiCC32XXDMAObjects                       
200219f8  uartCC32XXObjects0                        
20021afc  timerCC32XXObjects                        
20021b64  i2cCC32XXObjects                          
20021c28  GlobalLockObj                             
20021c54  g_SlInternalSpawnCB                       
20021c7c  g_ucConnectionSSID                        
20021dac  MQTTClient_Lib_CB                         
20021dbc  DeviceCB                                  
20021dc8  MqttClientExmple_params                   
20021dd4  Msg                                       
20021df8  g_ucConnectionBSSID                       
20021e00  spiCC32XXSDMAscratchBuf                   
20021e08  udmaCC3220SObject                         
20021e1c  adcCC32XXObjects                          
20021e20  mqtt_queue                                
20021e24  pixyQ                                     
20021e28  sensor_queue                              
20021e2c  stat_queue                                
20021e30  MQTTClient_waitSecs                       
20021e32  g_usConnectIndex                          
20021e34  RxIrqCnt                                  
20021e38  HwiP_dispatchTable                        
20022638  PowerCC32XX_module                        
200227a4  parkInfo                                  
2002289c  SlNetIfConfigWifi                         
2002292c  pxCurrentTCB                              
20022960  MQTTClient_net                            
20022988  g_LibsEvents                              
200229ac  g_UserEvents                              
200229d0  Mqtt_ClientCtx                            
20022a00  gpioPinConfigs                            
20022a3c  ClientId                                  
20022a4c  SecurityParams                            
20022a70  g_ulStaIp                                 
20022a74  g_ulGatewayIP                             
20022a78  g_ulStatus                                
20022a7c  gGlobalLockCntRequested                   
20022a7d  gGlobalLockCntReleased                    
20022a7e  g_SlDeviceStatus                          
20022a80  g_pCB                                     
20022a84  pPingCallBackFunc                         
20022a88  will_param                                
20022aac  MQTTClient_closeContext                   
20022ab0  MQTTClient_clientContext                  
20022ab4  MQTTClient_multiSrvConn                   
20022ab8  MQTTClient_clientCfg                      
20022ac8  publish_topic0                            
20022acc  publish_topic1                            
20022af0  MQTTClient_connectCfg                     
20022b00  g_intHandle                               
2003fc00  __stack                                   
20040000  __STACK_END                               
ffffffff  __TI_pprof_out_hndl                       
ffffffff  __TI_prof_data_size                       
ffffffff  __TI_prof_data_start                      
ffffffff  __binit__                                 
ffffffff  __c_args__                                
ffffffff  binit                                     
UNDEFED   __mpu_init                                
UNDEFED   _system_post_cinit                        

[725 symbols]
