******************************************************************************
                  TI ARM Linker PC v18.12.3                    
******************************************************************************
>> Linked Sun Dec  1 19:04:31 2019

OUTPUT FILE NAME:   <mqtt_client_CC3220SF_LAUNCHXL_freertos_ccs_syscfg.out>
ENTRY POINT SYMBOL: "resetISR"  address: 01018401


MEMORY CONFIGURATION

         name            origin    length      used     unused   attr    fill
----------------------  --------  ---------  --------  --------  ----  --------
  FLASH_HDR             01000000   000007ff  00000000  000007ff  R  X
  FLASH                 01000800   000ff800  00018fca  000e6836  R  X
  SRAM                  20000000   00040000  00022e11  0001d1ef  RW X


SEGMENT ALLOCATION MAP

run origin  load origin   length   init length attrs members
----------  ----------- ---------- ----------- ----- -------
01000800    01000800    00018fd0   00018fd0    r-x
  01000800    01000800    00000040   00000040    r-- .resetVecs
  01000840    01000840    00018234   00018234    r-x .text
  01018a78    01018a78    00000b8e   00000b8e    r-- .const
  01019608    01019608    000001c8   000001c8    r-- .cinit
20000400    20000400    00022708   00000000    rw-
  20000400    20000400    00021a35   00000000    rw- .bss
  20021e38    20021e38    00000cd0   00000000    rw- .data
2003fc00    2003fc00    00000400   00000000    rw-
  2003fc00    2003fc00    00000400   00000000    rw- .stack


SECTION ALLOCATION MAP

 output                                  attributes/
section   page    origin      length       input sections
--------  ----  ----------  ----------   ----------------
.resetVecs 
*          0    01000800    00000040     
                  01000800    00000040     freertos_builds_CC3220SF_LAUNCHXL_release_ccs.lib : startup_cc32xx_ccs.obj (.resetVecs:retain)

.text      0    01000840    00018234     
                  01000840    00000ab8     rtsv7M4_T_le_eabi.lib : _scanfi.c.obj (.text:__TI_scanfi)
                  010012f8    00000a4e                           : _printfi.c.obj (.text:__TI_printfi)
                  01001d46    00000002     Board.obj (.text:Board_initHook)
                  01001d48    00000964     sensors_state.obj (.text:sensor_fsm)
                  010026ac    000008cc     simplelink.a : driver.obj (.text:_SlDrvMsgRead)
                  01002f78    000004bc                  : sl_socket.obj (.text:_SlSocketHandleAsync_Select)
                  01003434    00000454     rtsv7M4_T_le_eabi.lib : strtod.c.obj (.text:strtod)
                  01003888    0000042c     mqtt_client_app.obj (.text:MqttClient)
                  01003cb4    0000042c     driverlib.a : prcm.obj (.text:PRCMCC3200MCUInit)
                  010040e0    00000384     simplelink.a : driver.obj (.text:_SlDrvMsgWrite)
                  01004464    0000031c     client_cbs.obj (.text:jsmn_parse)
                  01004780    000002e0     simplelink.a : driver.obj (.text:_SlDrvWaitForPoolObj)
                  01004a60    000002d8                  : driver.obj (.text:_SlDrvRxHdrRead)
                  01004d38    000002b4                  : sl_socket.obj (.text:sl_Select)
                  01004fec    00000294                  : driver.obj (.text:_SlDrvReleasePoolObj)
                  01005280    0000027c                  : wlan.obj (.text:sl_WlanConnect)
                  010054fc    00000278     drivers_cc32xx.aem4 : UARTCC32XX.oem4 (.text:UARTCC32XX_open)
                  01005774    00000274     simplelink.a : driver.obj (.text:_SlDrvDataReadOp)
                  010059e8    00000268     rtsv7M4_T_le_eabi.lib : _printfi.c.obj (.text:_pconv_a)
                  01005c50    00000244     client_cbs.obj (.text:MqttClientCallback)
                  01005e94    00000224     simplelink.a : driver.obj (.text:_SlDrvDriverCBInit)
                  010060b8    00000218                  : driver.obj (.text:_SlDrvDataWriteOp)
                  010062d0    000001f4                  : driver.obj (.text:_SlDrvMsgReadCmdCtx)
                  010064c4    000001f2                  : netapp.obj (.text:_SlNetAppEventHandler)
                  010066b6    00000002     drivers_cc32xx.aem4 : I2CCC32XX.oem4 (.text:I2CCC32XX_init)
                  010066b8    000001dc     rtsv7M4_T_le_eabi.lib : strtoll.c.obj (.text:strtoll)
                  01006894    000001d8     drivers_cc32xx.aem4 : GPIOCC32XX.oem4 (.text:GPIO_setConfig)
                  01006a6c    000001d4     freertos_builds_CC3220SF_LAUNCHXL_release_ccs.lib : queue.obj (.text:xQueueSemaphoreTake)
                  01006c40    000001d0     drivers_cc32xx.aem4 : SPICC32XXDMA.oem4 (.text:SPICC32XXDMA_transfer)
                  01006e10    000001cc     rtsv7M4_T_le_eabi.lib : _printfi.c.obj (.text:_pconv_g)
                  01006fdc    000001c8     simplelink.a : device.obj (.text:sl_Stop)
                  010071a4    000001b8     drivers_cc32xx.aem4 : SPICC32XXDMA.oem4 (.text:configDMA)
                  0100735c    000001b8     freertos_builds_CC3220SF_LAUNCHXL_release_ccs.lib : queue.obj (.text:xQueueGenericSend)
                  01007514    000001b6     rtsv7M4_T_le_eabi.lib : fd_add_t2.asm.obj (.text)
                  010076ca    00000002     driverlib.a : interrupt.obj (.text:IntDefaultHandler)
                  010076cc    000001b4     simplelink.a : driver.obj (.text:_SlDrvReleaseAllActivePendingPoolObj)
                  01007880    000001b4                  : sl_socket.obj (.text:sl_Accept)
                  01007a34    000001b0     freertos_builds_CC3220SF_LAUNCHXL_release_ccs.lib : PowerCC32XX_freertos.obj (.text:PowerCC32XX_sleepPolicy)
                  01007be4    00000198     slnetsock_release.a : slnetsock.oem4 (.text:SlNetSock_select)
                  01007d7c    0000018c     simplelink.a : sl_socket.obj (.text:_SlDrvRegisterForSelectAsync)
                  01007f08    0000018c     client_cbs.obj (.text:jsmn_parse_string)
                  01008094    00000184     simplelink.a : driver.obj (.text:_SlDrvFindAndSetActiveObj)
                  01008218    00000184                  : sl_socket.obj (.text:sl_Connect)
                  0100839c    00000180     freertos_builds_CC3220SF_LAUNCHXL_release_ccs.lib : queue.obj (.text:xQueueReceive)
                  0100851c    00000178                                                       : heap_4.obj (.text:pvPortMalloc)
                  01008694    00000174     mqtt_client_app.obj (.text:MqttClient_start)
                  01008808    00000168     simplelink.a : netapp.obj (.text:sl_NetAppDnsGetHostByName)
                  01008970    00000164     freertos_builds_CC3220SF_LAUNCHXL_release_ccs.lib : timers.obj (.text:prvProcessReceivedCommands)
                  01008ad4    0000015c     rtsv7M4_T_le_eabi.lib : strtoull.c.obj (.text:strtoull)
                  01008c30    0000015a     mqtt_release.a : mqtt_net_func.oem4 (.text:createSocket)
                  01008d8a    00000002     freertos_builds_CC3220SF_LAUNCHXL_release_ccs.lib : PowerCC32XX_freertos.obj (.text:PowerCC32XX_initPolicy)
                  01008d8c    00000158     drivers_cc32xx.aem4 : SPICC32XXDMA.oem4 (.text:SPICC32XXDMA_open)
                  01008ee4    00000154     mqtt_release.a : mqttclient.oem4 (.text:MQTTClient_connect)
                  01009038    00000154     simplelink.a : sl_socket.obj (.text:sl_RecvFrom)
                  0100918c    00000148     drivers_cc32xx.aem4 : PowerCC32XX.oem4 (.text:parkPins)
                  010092d4    00000148     simplelink.a : sl_socket.obj (.text:sl_StartTLS)
                  0100941c    00000140                  : driver.obj (.text:_SlDrvMsgReadSpawnCtx)
                  0100955c    0000013c                  : driver.obj (.text:_SlDrvDriverCBDeinit)
                  01009698    0000013c                  : sl_socket.obj (.text:_SlDrvGetNextTimeoutValue)
                  010097d4    0000013c     rtsv7M4_T_le_eabi.lib : _printfi.c.obj (.text:_pconv_e)
                  01009910    0000013c     freertos_builds_CC3220SF_LAUNCHXL_release_ccs.lib : tasks.obj (.text:xTaskIncrementTick)
                  01009a4c    00000138                                                       : pthread.obj (.text:pthread_create)
                  01009b84    00000136     rtsv7M4_T_le_eabi.lib : fd_div_t2.asm.obj (.text)
                  01009cba    00000002     drivers_cc32xx.aem4 : TimerCC32XX.oem4 (.text:TimerCC32XX_init)
                  01009cbc    00000134     network_if.obj (.text:Network_IF_ConnectAP)
                  01009df0    00000134     simplelink.a : sl_socket.obj (.text:_SlSocketHandleAsync_StartTLS)
                  01009f24    00000130     rtsv7M4_T_le_eabi.lib : strtol.c.obj (.text:strtol)
                  0100a054    0000012a     freertos_builds_CC3220SF_LAUNCHXL_release_ccs.lib : tasks.obj (.text:prvInitialiseNewTask)
                  0100a17e    00000002     drivers_cc32xx.aem4 : UARTCC32XX.oem4 (.text:UARTCC32XX_init)
                  0100a180    00000128                         : TimerCC32XX.oem4 (.text:TimerCC32XX_open)
                  0100a2a8    00000128     simplelink.a : driver.obj (.text:_SlDrvClassifyRxMsg)
                  0100a3d0    00000124                  : fs.obj (.text:sl_FsOpen)
                  0100a4f4    00000122     statisticsTask.obj (.text:statisticsTask)
                  0100a616    00000120     drivers_cc32xx.aem4 : I2CCC32XX.oem4 (.text:I2CCC32XX_hwiFxn)
                  0100a736    00000002     freertos_builds_CC3220SF_LAUNCHXL_release_ccs.lib : startup_cc32xx_ccs.obj (.text:busFaultHandler)
                  0100a738    00000120     drivers_cc32xx.aem4 : UARTCC32XX.oem4 (.text:UARTCC32XX_close)
                  0100a858    00000120     simplelink.a : driver.obj (.text:_SlDrvAsyncEventGenericHandler)
                  0100a978    00000120     rtsv7M4_T_le_eabi.lib : _printfi.c.obj (.text:fcvt)
                  0100aa98    0000011c     drivers_cc32xx.aem4 : PowerCC32XX.oem4 (.text:Power_sleep)
                  0100abb4    0000011c     simplelink.a : device.obj (.text:sl_Start)
                  0100acd0    0000011c     freertos_builds_CC3220SF_LAUNCHXL_release_ccs.lib : tasks.obj (.text:xTaskResumeAll)
                  0100adec    00000118     simplelink.a : netapp.obj (.text:_SlNetAppHandleAsync_DnsGetHostByService)
                  0100af04    00000114     freertos_builds_CC3220SF_LAUNCHXL_release_ccs.lib : tasks.obj (.text:vTaskPriorityDisinheritAfterTimeout)
                  0100b018    00000112     mqtt_release.a : mqtt_common.oem4 (.text:MQTT_PacketRecv)
                  0100b12a    00000002     freertos_builds_CC3220SF_LAUNCHXL_release_ccs.lib : startup_cc32xx_ccs.obj (.text:defaultHandler)
                  0100b12c    00000110     rtsv7M4_T_le_eabi.lib : strtoul.c.obj (.text:strtoul)
                  0100b23c    0000010c     main_freertos.obj (.text:main)
                  0100b348    00000108     slnetsock_release.a : slnetutils.oem4 (.text:SlNetUtil_str2BinIpV6)
                  0100b450    00000108     simplelink.a : driver.obj (.text:_SlSpawnMsgListInsert)
                  0100b558    00000104                  : device.obj (.text:_SlDeviceEventHandler)
                  0100b65c    00000104                  : driver.obj (.text:_SlDrvCmdOp)
                  0100b760    00000104     freertos_builds_CC3220SF_LAUNCHXL_release_ccs.lib : queue.obj (.text:xQueueGenericSendFromISR)
                  0100b864    00000100     simplelink.a : driver.obj (.text:_SlDrvObjGlobalLockWaitForever)
                  0100b964    00000100                  : sl_socket.obj (.text:sl_Close)
                  0100ba64    00000100                  : fs.obj (.text:sl_FsWrite)
                  0100bb64    000000fc     drivers_cc32xx.aem4 : I2CCC32XX.oem4 (.text:I2CCC32XX_open)
                  0100bc60    000000fc     rtsv7M4_T_le_eabi.lib : fd_mul_t2.asm.obj (.text)
                  0100bd5c    000000fc     freertos_builds_CC3220SF_LAUNCHXL_release_ccs.lib : tasks.obj (.text:vTaskSuspend)
                  0100be58    000000f8     slnetifwifi.a : slnetifwifi.obj (.text:SlNetIfWifi_loadSecObj)
                  0100bf50    000000f8     freertos_builds_CC3220SF_LAUNCHXL_release_ccs.lib : tasks.obj (.text:vTaskDelete)
                  0100c048    000000f6     mqtt_release.a : mqtt_net_func.oem4 (.text:MQTTNet_commOpen)
                  0100c13e    00000002     freertos_builds_CC3220SF_LAUNCHXL_release_ccs.lib : startup_cc32xx_ccs.obj (.text:faultISR)
                  0100c140    000000f4     simplelink.a : sl_socket.obj (.text:sl_SendTo)
                  0100c234    000000f2     drivers_cc32xx.aem4 : SPICC32XXDMA.oem4 (.text:SPICC32XXDMA_transferCancel)
                  0100c326    000000f2                         : UARTCC32XX.oem4 (.text:UARTCC32XX_control)
                  0100c418    000000f0     mqtt_client_app.obj (.text:mainThread)
                  0100c508    000000f0     freertos_builds_CC3220SF_LAUNCHXL_release_ccs.lib : queue.obj (.text:xQueueGiveFromISR)
                  0100c5f8    000000e8     slnetsock_release.a : slnetif.oem4 (.text:SlNetIf_add)
                  0100c6e0    000000e8     ultraSonar_main.obj (.text:sonarRead)
                  0100c7c8    000000e8     freertos_builds_CC3220SF_LAUNCHXL_release_ccs.lib : tasks.obj (.text:xTaskPriorityInherit)
                  0100c8b0    000000e6     mqtt_release.a : client_core.oem4 (.text:utf8ArraySend)
                  0100c996    00000002     freertos_builds_CC3220SF_LAUNCHXL_release_ccs.lib : startup_cc32xx_ccs.obj (.text:nmiISR)
                  0100c998    000000e0     mqtt_release.a : mqttclient.oem4 (.text:MqttClientCtxCreate)
                  0100ca78    000000e0     freertos_builds_CC3220SF_LAUNCHXL_release_ccs.lib : tasks.obj (.text:xTaskPriorityDisinherit)
                  0100cb58    000000de     mqtt_release.a : client_core.oem4 (.text:connectMsgSend)
                  0100cc36    00000002     rtsv7M4_T_le_eabi.lib : div0.asm.obj (.text)
                  0100cc38    000000dc     freertos_builds_CC3220SF_LAUNCHXL_release_ccs.lib : tasks.obj (.text:vTaskSwitchContext)
                  0100cd14    000000d8     drivers_cc32xx.aem4 : SPICC32XXDMA.oem4 (.text:SPICC32XXDMA_close)
                  0100cdec    000000d8     simplelink.a : device.obj (.text:_SlDeviceHandleAsync_InitComplete)
                  0100cec4    000000d8                  : driver.obj (.text:_SlDrvWaitForInternalAsyncEvent)
                  0100cf9c    000000d8                  : netapp.obj (.text:_SlNetAppHandleAsync_NetAppReceive)
                  0100d074    000000d8     freertos_builds_CC3220SF_LAUNCHXL_release_ccs.lib : queue.obj (.text:xQueueReceiveFromISR)
                  0100d14c    000000d0     mqtt_client_app.obj (.text:SetClientIdNamefromMacAddress)
                  0100d21c    000000d0     simplelink.a : driver.obj (.text:_SlDrvRemoveFromList)
                  0100d2ec    000000d0     rtsv7M4_T_le_eabi.lib : s_scalbn.c.obj (.text:scalbn)
                  0100d3bc    000000cc     mqtt_release.a : mqttclient.oem4 (.text:processNotifyAckCB)
                  0100d488    000000ca     drivers_cc32xx.aem4 : UARTCC32XX.oem4 (.text:UARTCC32XX_write)
                  0100d552    00000002     main_freertos.obj (.text:vApplicationMallocFailedHook)
                  0100d554    000000c8     mqtt_client_app.obj (.text:Mqtt_IF_Connect)
                  0100d61c    000000c8     client_cbs.obj (.text:jsmn_parse_primitive)
                  0100d6e4    000000c8     drivers_cc32xx.aem4 : SPICC32XXDMA.oem4 (.text:spiHwiFxn)
                  0100d7ac    000000c4                         : GPIOCC32XX.oem4 (.text:GPIO_init)
                  0100d870    000000c4     freertos_builds_CC3220SF_LAUNCHXL_release_ccs.lib : tasks.obj (.text:prvAddNewTaskToReadyList)
                  0100d934    000000c0     mqtt_release.a : mqttclient.oem4 (.text:MqttClientSub)
                  0100d9f4    000000c0     simplelink.a : cc_pal.obj (.text:NwpPowerOff)
                  0100dab4    000000c0     drivers_cc32xx.aem4 : PowerCC32XX.oem4 (.text:restoreParkedPins)
                  0100db74    000000c0     simplelink.a : netcfg.obj (.text:sl_NetCfgGet)
                  0100dc34    000000c0     freertos_builds_CC3220SF_LAUNCHXL_release_ccs.lib : port.obj (.text:xPortStartScheduler)
                  0100dcf4    000000be                                                       : queue.obj (.text:prvCopyDataToQueue)
                  0100ddb2    00000002     --HOLE-- [fill = 0]
                  0100ddb4    000000bc     simplelink.a : netapp.obj (.text:_SlNetAppSendResponse)
                  0100de70    000000bc     mqtt_release.a : client_core.oem4 (.text:clCtxConnStateTryLocked)
                  0100df2c    000000bc     freertos_builds_CC3220SF_LAUNCHXL_release_ccs.lib : heap_4.obj (.text:prvHeapInit)
                  0100dfe8    000000bc                                                       : timers.obj (.text:prvSwitchTimerLists)
                  0100e0a4    000000bc     simplelink.a : sl_socket.obj (.text:sl_Send)
                  0100e160    000000ba     drivers_cc32xx.aem4 : UARTCC32XX.oem4 (.text:UARTCC32XX_readPolling)
                  0100e21a    00000002     --HOLE-- [fill = 0]
                  0100e21c    000000ba     freertos_builds_CC3220SF_LAUNCHXL_release_ccs.lib : portasm.obj (.text)
                  0100e2d6    00000002     --HOLE-- [fill = 0]
                  0100e2d8    000000b8     simplelink.a : netapp.obj (.text:_SlNetAppHandleAsync_DnsGetHostByName)
                  0100e390    000000b8                  : netapp.obj (.text:_SlNetAppHandleAsync_PingResponse)
                  0100e448    000000b8     drivers_cc32xx.aem4 : UARTCC32XX.oem4 (.text:initHw)
                  0100e500    000000b8     simplelink.a : wlan.obj (.text:sl_WlanGet)
                  0100e5b8    000000b8     freertos_builds_CC3220SF_LAUNCHXL_release_ccs.lib : queue.obj (.text:xQueueGenericReset)
                  0100e670    000000b6     pixy_main.obj (.text:pixyRead)
                  0100e726    000000b6     drivers_cc32xx.aem4 : UARTCC32XX.oem4 (.text:readTaskCallback)
                  0100e7dc    000000b4     mqtt_release.a : mqttclient.oem4 (.text:MqttClient_send)
                  0100e890    000000b4     simplelink.a : driver.obj (.text:_SlDrvHandleFatalError)
                  0100e944    000000b4                  : netutil.obj (.text:_SlNetUtilHandleAsync_Cmd)
                  0100e9f8    000000b4     freertos_builds_CC3220SF_LAUNCHXL_release_ccs.lib : clock.obj (.text:_clock_abstime2ticks)
                  0100eaac    000000b4     simplelink.a : sl_socket.obj (.text:sl_GetSockOpt)
                  0100eb60    000000b1     rtsv7M4_T_le_eabi.lib : _printfi.c.obj (.text:_ltostr)
                  0100ec11    00000003     --HOLE-- [fill = 0]
                  0100ec14    000000b0     slnetifwifi.a : slnetifwifi.obj (.text:SlNetIfWifi_getSockOpt)
                  0100ecc4    000000b0     freertos_builds_CC3220SF_LAUNCHXL_release_ccs.lib : tasks.obj (.text:prvAddCurrentTaskToDelayedList)
                  0100ed74    000000b0                                                       : tasks.obj (.text:xTaskCheckForTimeOut)
                  0100ee24    000000ae     slnetifwifi.a : slnetifwifi.obj (.text:matchModeByRole)
                  0100eed2    000000ae     freertos_builds_CC3220SF_LAUNCHXL_release_ccs.lib : queue.obj (.text:prvUnlockQueue)
                  0100ef80    000000ae     drivers_cc32xx.aem4 : UARTCC32XX.oem4 (.text:readIsrTextBlocking)
                  0100f02e    00000002     --HOLE-- [fill = 0]
                  0100f030    000000ac     simplelink.a : sl_socket.obj (.text:_SlSocketHandleAsync_Close)
                  0100f0dc    000000ac                  : sl_socket.obj (.text:_SlSocketHandleAsync_Connect)
                  0100f188    000000ac     freertos_builds_CC3220SF_LAUNCHXL_release_ccs.lib : clock.obj (.text:clock_gettime)
                  0100f234    000000a8     driverlib.a : interrupt.obj (.text:IntDisable)
                  0100f2dc    000000a8                 : interrupt.obj (.text:IntEnable)
                  0100f384    000000a8                 : prcm.obj (.text:PRCMPeripheralClockGet)
                  0100f42c    000000a8     drivers_cc32xx.aem4 : PowerCC32XX.oem4 (.text:PowerCC32XX_configureWakeup)
                  0100f4d4    000000a8     freertos_builds_CC3220SF_LAUNCHXL_release_ccs.lib : heap_4.obj (.text:prvInsertBlockIntoFreeList)
                  0100f57c    000000a8     drivers_cc32xx.aem4 : UARTCC32XX.oem4 (.text:readTaskBlocking)
                  0100f624    000000a8     simplelink.a : fs.obj (.text:sl_FsClose)
                  0100f6cc    000000a8     freertos_builds_CC3220SF_LAUNCHXL_release_ccs.lib : tasks.obj (.text:xTaskRemoveFromEventList)
                  0100f774    000000a6     simplelink.a : driver.obj (.text:_SlDrvIsTimeoutExpired)
                  0100f81a    00000002     --HOLE-- [fill = 0]
                  0100f81c    000000a4     mqtt_release.a : mqttclient.oem4 (.text:MQTTClient_create)
                  0100f8c0    000000a4                    : mqttclient.oem4 (.text:MqttClientConfig)
                  0100f964    000000a4     simplelink.a : sl_socket.obj (.text:sl_Bind)
                  0100fa08    000000a2     drivers_cc32xx.aem4 : UARTCC32XX.oem4 (.text:readIsrTextCallback)
                  0100faaa    000000a2                         : UARTCC32XX.oem4 (.text:writeData)
                  0100fb4c    000000a0     freertos_builds_CC3220SF_LAUNCHXL_release_ccs.lib : ClockP_freertos.obj (.text:ClockP_create)
                  0100fbec    000000a0     simplelink.a : fs.obj (.text:FsGetCreateFsMode)
                  0100fc8c    000000a0     network_if.obj (.text:SimpleLinkWlanEventHandler)
                  0100fd2c    000000a0     simplelink.a : sl_socket.obj (.text:_SlDrvUnRegisterForSelectAsync)
                  0100fdcc    000000a0                  : driver.obj (.text:_SlSpawnMsgListProcess)
                  0100fe6c    0000009e                  : cc_pal.obj (.text:spi_Read)
                  0100ff0a    0000009e                  : cc_pal.obj (.text:spi_Write)
                  0100ffa8    0000009c     mqtt_release.a : client_core.oem4 (.text:MQTTClientCore_initLib)
                  01010044    0000009c                    : client_core.oem4 (.text:MQTTClientCore_sendPubMsg)
                  010100e0    0000009c                    : client_core.oem4 (.text:_msgDispatch)
                  0101017c    0000009c     rtsv7M4_T_le_eabi.lib : memcpy_t2.asm.obj (.text)
                  01010218    0000009c     freertos_builds_CC3220SF_LAUNCHXL_release_ccs.lib : heap_4.obj (.text:vPortFree)
                  010102b4    0000009a     mqtt_release.a : client_core.oem4 (.text:procPubMsgRx)
                  0101034e    00000002     --HOLE-- [fill = 0]
                  01010350    00000098     drivers_cc32xx.aem4 : GPIOCC32XX.oem4 (.text:powerNotifyFxn)
                  010103e8    00000096     mqtt_release.a : mqtt_net_func.oem4 (.text:MQTTNet_tcpSelect)
                  0101047e    00000096     rtsv7M4_T_le_eabi.lib : ull_div_t2.asm.obj (.text)
                  01010514    00000094     drivers_cc32xx.aem4 : ADCCC32XX.oem4 (.text:ADCCC32XX_open)
                  010105a8    00000094     network_if.obj (.text:Network_IF_InitDriver)
                  0101063c    00000094     simplelink.a : cc_pal.obj (.text:Semaphore_pend_handle)
                  010106d0    00000094     drivers_cc32xx.aem4 : SPICC32XXDMA.oem4 (.text:initHw)
                  01010764    00000094     freertos_builds_CC3220SF_LAUNCHXL_release_ccs.lib : tasks.obj (.text:vTaskStartScheduler)
                  010107f8    00000092     slnetsock_release.a : slnetsock.oem4 (.text:SlNetSock_create)
                  0101088a    00000090     drivers_cc32xx.aem4 : I2CCC32XX.oem4 (.text:I2CCC32XX_transfer)
                  0101091a    00000002     --HOLE-- [fill = 0]
                  0101091c    00000090     mqtt_client_app.obj (.text:Mqtt_start)
                  010109ac    00000090     slnetsock_release.a : slnetsock.oem4 (.text:SlNetSock_getVirtualSdConf)
                  01010a3c    00000090     simplelink.a : device.obj (.text:_SlDeviceHandleAsync_Stop)
                  01010acc    00000090                  : sl_socket.obj (.text:_SlSocketHandleAsync_Accept)
                  01010b5c    00000090     mqtt_release.a : mqttclient.oem4 (.text:processPublishRxCB)
                  01010bec    00000090     drivers_cc32xx.aem4 : PowerCC32XX.oem4 (.text:restoreNVICRegs)
                  01010c7c    0000008c     mqtt_release.a : client_core.oem4 (.text:MQTTClientCore_createCtx)
                  01010d08    0000008c     slnetsock_release.a : slnetsock.oem4 (.text:SlNetSock_accept)
                  01010d94    0000008c     simplelink.a : driver.obj (.text:_SlDrvDriverIsApiAllowed)
                  01010e20    0000008c     freertos_builds_CC3220SF_LAUNCHXL_release_ccs.lib : clock.obj (.text:_clock_gettimeMono)
                  01010eac    0000008c     simplelink.a : sl_socket.obj (.text:sl_Recv)
                  01010f38    00000088     driverlib.a : pin.obj (.text:PinConfigSet)
                  01010fc0    00000088     simplelink.a : driver.obj (.text:_SlDrvProtectAsyncRespSetting)
                  01011048    00000088     mqtt_release.a : client_core.oem4 (.text:procConnackRx)
                  010110d0    00000088     freertos_builds_CC3220SF_LAUNCHXL_release_ccs.lib : timers.obj (.text:prvProcessTimerOrBlockTask)
                  01011158    00000088     simplelink.a : eventreg.obj (.text:sl_UnregisterLibsEventHandler)
                  010111e0    00000088     mqtt_release.a : client_core.oem4 (.text:wrConnectPayload)
                  01011268    00000086     drivers_cc32xx.aem4 : I2CCC32XX.oem4 (.text:I2CCC32XX_primeTransfer)
                  010112ee    00000086     rtsv7M4_T_le_eabi.lib : fd_cmp_t2.asm.obj (.text:__aeabi_cdcmple)
                  01011374    00000086                           : fd_cmp_t2.asm.obj (.text:__aeabi_cdrcmple)
                  010113fa    00000002     --HOLE-- [fill = 0]
                  010113fc    00000084     drivers_cc32xx.aem4 : I2CCC32XX.oem4 (.text:I2CCC32XX_close)
                  01011480    00000084                         : PowerCC32XX.oem4 (.text:Power_init)
                  01011504    00000084     slnetifwifi.a : slnetifwifi.obj (.text:SlNetIfWifi_sockstartSec)
                  01011588    00000084     slnetsock_release.a : slnetutils.oem4 (.text:SlNetUtil_getHostByName)
                  0101160c    00000084     mqtt_release.a : client_core.oem4 (.text:mqpSetupProcCtxDataRecv)
                  01011690    00000084     drivers_cc32xx.aem4 : PowerCC32XX.oem4 (.text:saveNVICRegs)
                  01011714    00000084     simplelink.a : sl_socket.obj (.text:sl_SetSockOpt)
                  01011798    00000084     freertos_builds_CC3220SF_LAUNCHXL_release_ccs.lib : timers.obj (.text:xTimerGenericCommand)
                  0101181c    00000080     drivers_cc32xx.aem4 : PowerCC32XX.oem4 (.text:Power_setDependency)
                  0101189c    00000080     mqtt_release.a : client_core.oem4 (.text:clCtxPartSend)
                  0101191c    00000080     freertos_builds_CC3220SF_LAUNCHXL_release_ccs.lib : timers.obj (.text:prvProcessExpiredTimer)
                  0101199c    0000007e     drivers_cc32xx.aem4 : I2CCC32XX.oem4 (.text:I2CCC32XX_cancel)
                  01011a1a    0000007e     process_main.obj (.text:processObject)
                  01011a98    0000007c     drivers_cc32xx.aem4 : UDMACC32XX.oem4 (.text:UDMACC32XX_open)
                  01011b14    0000007c     mqtt_release.a : client_core.oem4 (.text:procCtxDataRecv)
                  01011b90    0000007c     drivers_cc32xx.aem4 : UARTCC32XX.oem4 (.text:readIsrBinaryBlocking)
                  01011c0c    0000007a     freertos_builds_CC3220SF_LAUNCHXL_release_ccs.lib : pthread.obj (.text:removeThreadKeys)
                  01011c86    0000007a     rtsv7M4_T_le_eabi.lib : memset_t2.asm.obj (.text)
                  01011d00    0000007a     freertos_builds_CC3220SF_LAUNCHXL_release_ccs.lib : tasks.obj (.text:xTaskCreate)
                  01011d7a    00000002     --HOLE-- [fill = 0]
                  01011d7c    00000078     drivers_cc32xx.aem4 : GPIOCC32XX.oem4 (.text:GPIO_hwiIntFxn)
                  01011df4    00000078     mqtt_release.a : mqtt_net_func.oem4 (.text:MQTTNet_recvFrom)
                  01011e6c    00000078     drivers_cc32xx.aem4 : TimerCC32XX.oem4 (.text:TimerCC32XX_start)
                  01011ee4    00000078     freertos_builds_CC3220SF_LAUNCHXL_release_ccs.lib : timers.obj (.text:prvInsertTimerInActiveList)
                  01011f5c    00000078     drivers_cc32xx.aem4 : UARTCC32XX.oem4 (.text:readIsrBinaryCallback)
                  01011fd4    00000078     simplelink.a : sl_socket.obj (.text:sl_Socket)
                  0101204c    00000074     drivers_cc32xx.aem4 : ADCCC32XX.oem4 (.text:ADCCC32XX_close)
                  010120c0    00000074     mqtt_release.a : mqtt_net_func.oem4 (.text:MQTTNet_tcpAccept)
                  01012134    00000074     slnetsock_release.a : slnetsock.oem4 (.text:SlNetSock_AllocVirtualSocket)
                  010121a8    00000074     drivers_cc32xx.aem4 : UARTCC32XX.oem4 (.text:UARTCC32XX_hwiIntFxn)
                  0101221c    00000074     mqtt_release.a : client_core.oem4 (.text:groupCtxsRxPrep)
                  01012290    00000074     freertos_builds_CC3220SF_LAUNCHXL_release_ccs.lib : tasks.obj (.text:prvInitialiseTaskLists)
                  01012304    00000074                                                       : pthread_mutex.obj (.text:pthread_mutex_init)
                  01012378    00000074                                                       : port.obj (.text:vPortValidateInterruptPriority)
                  010123ec    00000072     mqtt_release.a : mqtt_common.oem4 (.text:MQTT_packetProcPubRx)
                  0101245e    00000002     --HOLE-- [fill = 0]
                  01012460    00000070     simplelink.a : driver.obj (.text:_SlDrvCmdSend_noLock)
                  010124d0    00000070     ultraSonar_main.obj (.text:insertionSort)
                  01012540    00000070     freertos_builds_CC3220SF_LAUNCHXL_release_ccs.lib : ClockP_freertos.obj (.text:setClockObjTimeout)
                  010125b0    0000006e     rtsv7M4_T_le_eabi.lib : _printfi.c.obj (.text:_mcpy)
                  0101261e    0000006e                           : fd_tos_t2.asm.obj (.text)
                  0101268c    0000006c     mqtt_release.a : mqttclient.oem4 (.text:MQTTClient_run)
                  010126f8    0000006c     slnetsock_release.a : slnetutils.oem4 (.text:SlNetUtil_str2BinIpV4)
                  01012764    0000006c     simplelink.a : device.obj (.text:_SlDeviceHandleResetRequestInternally)
                  010127d0    0000006c                  : sl_socket.obj (.text:_SlDrvOpenCtrlSocket)
                  0101283c    0000006c                  : netapp.obj (.text:_SlNetAppSendTokenValue)
                  010128a8    0000006a     mqtt_release.a : mqtt_net_func.oem4 (.text:MQTTNet_sendTo)
                  01012912    0000006a     freertos_builds_CC3220SF_LAUNCHXL_release_ccs.lib : queue.obj (.text:xQueueGenericCreate)
                  0101297c    00000068     mqtt_release.a : mqtt_common.oem4 (.text:MQTT_qos2PubCqUnlog)
                  010129e4    00000068     simplelink.a : driver.obj (.text:_SlSpawnMsgListGetCount)
                  01012a4c    00000068     rtsv7M4_T_le_eabi.lib : sscanf.c.obj (.text:_chkmbc)
                  01012ab4    00000068                           : copy_decompress_lzss.c.obj (.text:decompress:lzss:__TI_decompress_lzss)
                  01012b1c    00000068     drivers_cc32xx.aem4 : I2CCC32XX.oem4 (.text:initHw)
                  01012b84    00000068     pixy_queue.obj (.text:recieveMsgFromPixyQ)
                  01012bec    00000068     simplelink.a : cc_pal.obj (.text:spi_Open)
                  01012c54    00000066     drivers_cc32xx.aem4 : UARTCC32XX.oem4 (.text:UARTCC32XX_writeCancel)
                  01012cba    00000066     freertos_builds_CC3220SF_LAUNCHXL_release_ccs.lib : timers.obj (.text:prvInitialiseNewTimer)
                  01012d20    00000066                                                       : list.obj (.text:vListInsert)
                  01012d86    00000002     --HOLE-- [fill = 0]
                  01012d88    00000064     drivers_cc32xx.aem4 : ADCCC32XX.oem4 (.text:ADCCC32XX_convert)
                  01012dec    00000064     freertos_builds_CC3220SF_LAUNCHXL_release_ccs.lib : ClockP_freertos.obj (.text:ClockP_stop)
                  01012e50    00000064     mqtt_release.a : mqtt_common.oem4 (.text:MQTT_packetPubAppendTopic)
                  01012eb4    00000064     drivers_cc32xx.aem4 : PowerCC32XX.oem4 (.text:PowerCC32XX_setParkState)
                  01012f18    00000064     freertos_builds_CC3220SF_LAUNCHXL_release_ccs.lib : pthread_mutex.obj (.text:acquireMutex)
                  01012f7c    00000064     mqtt_release.a : client_core.oem4 (.text:clientReset)
                  01012fe0    00000064                    : client_core.oem4 (.text:doNetClose)
                  01013044    00000064     freertos_builds_CC3220SF_LAUNCHXL_release_ccs.lib : tasks.obj (.text:prvGetExpectedIdleTime)
                  010130a8    00000062     drivers_cc32xx.aem4 : UARTCC32XX.oem4 (.text:UARTCC32XX_writePolling)
                  0101310a    00000002     --HOLE-- [fill = 0]
                  0101310c    00000060     freertos_builds_CC3220SF_LAUNCHXL_release_ccs.lib : HwiPCC32XX_freertos.obj (.text:HwiP_create)
                  0101316c    00000060     driverlib.a : prcm.obj (.text:PRCMSysResetCauseGet)
                  010131cc    00000060     slnetsock_release.a : slnetsock.oem4 (.text:SlNetSock_recvFrom)
                  0101322c    00000060                         : slnetsock.oem4 (.text:SlNetSock_sendTo)
                  0101328c    00000060     freertos_builds_CC3220SF_LAUNCHXL_release_ccs.lib : pthread_mutex.obj (.text:pthread_mutex_unlock)
                  010132ec    00000060     sensors_queue.obj (.text:recieveMsgFromSensorQ)
                  0101334c    0000005e     slnetifwifi.a : slnetifwifi.obj (.text:SlNetIfWifi_setSockOpt)
                  010133aa    0000005e     freertos_builds_CC3220SF_LAUNCHXL_release_ccs.lib : semaphore.obj (.text:sem_timedwait)
                  01013408    0000005c     drivers_cc32xx.aem4 : GPIOCC32XX.oem4 (.text:GPIO_setCallback)
                  01013464    0000005c     mqtt_release.a : mqtt_net_func.oem4 (.text:MQTTNet_tcpListen)
                  010134c0    0000005c     network_if.obj (.text:Network_IF_IpConfigGet)
                  0101351c    0000005c     simplelink.a : spawn.obj (.text:_SlInternalSpawn)
                  01013578    0000005c     freertos_builds_CC3220SF_LAUNCHXL_release_ccs.lib : memory.obj (.text:calloc)
                  010135d4    0000005c     rtsv7M4_T_le_eabi.lib : s_frexp.c.obj (.text:frexp)
                  01013630    0000005c     freertos_builds_CC3220SF_LAUNCHXL_release_ccs.lib : tasks.obj (.text:prvIdleTask)
                  0101368c    0000005c                                                       : pthread.obj (.text:pthread_exit)
                  010136e8    0000005c                                                       : queue.obj (.text:vQueueWaitForMessageRestricted)
                  01013744    0000005c                                                       : tasks.obj (.text:vTaskDelay)
                  010137a0    00000058     drivers_cc32xx.aem4 : GPIOCC32XX.oem4 (.text:GPIO_write)
                  010137f8    00000058     driverlib.a : interrupt.obj (.text:IntPendClear)
                  01013850    00000058                 : prcm.obj (.text:PRCMPeripheralReset)
                  010138a8    00000058     drivers_cc32xx.aem4 : PowerCC32XX.oem4 (.text:Power_releaseDependency)
                  01013900    00000058     network_if.obj (.text:SimpleLinkNetAppEventHandler)
                  01013958    00000058     slnetsock_release.a : slnetsock.oem4 (.text:SlNetSock_recv)
                  010139b0    00000058                         : slnetsock.oem4 (.text:SlNetSock_send)
                  01013a08    00000058     simplelink.a : sl_socket.obj (.text:_SlDrvClearCtrlSocket)
                  01013a60    00000058     mqtt_release.a : client_core.oem4 (.text:clRecv)
                  01013ab8    00000058     freertos_builds_CC3220SF_LAUNCHXL_release_ccs.lib : tasks.obj (.text:eTaskConfirmSleepModeStatus)
                  01013b10    00000058     mqtt_release.a : client_core.oem4 (.text:singleCtxKaSequence)
                  01013b68    00000058     simplelink.a : sl_socket.obj (.text:sl_Listen)
                  01013bc0    00000058                  : eventreg.obj (.text:sl_RegisterLibsEventHandler)
                  01013c18    00000058     freertos_builds_CC3220SF_LAUNCHXL_release_ccs.lib : port.obj (.text:vPortSetupTimerInterrupt)
                  01013c70    00000058                                                       : queue.obj (.text:xQueueCreateCountingSemaphore)
                  01013cc8    00000058                                                       : queue.obj (.text:xQueueTakeMutexRecursive)
                  01013d20    00000056     mqtt_release.a : mqtt_common.oem4 (.text:MQTT_packetPubAppendData)
                  01013d76    00000056     freertos_builds_CC3220SF_LAUNCHXL_release_ccs.lib : SemaphoreP_freertos.obj (.text:SemaphoreP_create)
                  01013dcc    00000056     drivers_cc32xx.aem4 : TimerCC32XX.oem4 (.text:TimerCC32XX_stop)
                  01013e22    00000056     rtsv7M4_T_le_eabi.lib : _printfi.c.obj (.text:_pconv_f)
                  01013e78    00000056     mqtt_release.a : client_core.oem4 (.text:procAckMsgRx)
                  01013ece    00000002     --HOLE-- [fill = 0]
                  01013ed0    00000054     freertos_builds_CC3220SF_LAUNCHXL_release_ccs.lib : ClockP_freertos.obj (.text:ClockP_delete)
                  01013f24    00000054     driverlib.a : interrupt.obj (.text:IntPrioritySet)
                  01013f78    00000054     mqtt_release.a : client_core.oem4 (.text:MQTTClientCore_sendDisconn)
                  01013fcc    00000054     simplelink.a : driver.obj (.text:_SlDrvRxIrqHandler)
                  01014020    00000054     mqtt_release.a : client_core.oem4 (.text:grpNetSetupCreate)
                  01014074    00000054     rtsv7M4_T_le_eabi.lib : ltoa.c.obj (.text:ltoa)
                  010140c8    00000054     drivers_cc32xx.aem4 : UARTCC32XX.oem4 (.text:ringBufGet)
                  0101411c    00000054     freertos_builds_CC3220SF_LAUNCHXL_release_ccs.lib : timers.obj (.text:xTimerCreateTimerTask)
                  01014170    00000052     drivers_cc32xx.aem4 : PowerCC32XX_asm.oem4 (.text:PowerCC32XX_resumeLPDS)
                  010141c2    00000052     rtsv7M4_T_le_eabi.lib : _printfi.c.obj (.text:_ecpy)
                  01014214    00000052     drivers_cc32xx.aem4 : TimerCC32XX.oem4 (.text:initHw)
                  01014266    00000050                         : I2CCC32XX.oem4 (.text:I2CCC32XX_completeTransfer)
                  010142b6    00000002     --HOLE-- [fill = 0]
                  010142b8    00000050     simplelink.a : cc_pal.obj (.text:NwpRegisterInterruptHandler)
                  01014308    00000050     slnetsock_release.a : slnetif.oem4 (.text:SlNetIf_queryIf)
                  01014358    00000050     drivers_cc32xx.aem4 : TimerCC32XX.oem4 (.text:TimerCC32XX_allocateTimerResource)
                  010143a8    00000050     simplelink.a : sl_socket.obj (.text:_SlDrvCloseCtrlSocket)
                  010143f8    00000050                  : driver.obj (.text:_SlDrvCmdSend_noWait)
                  01014448    00000050                  : driver.obj (.text:_SlDrvUpdateApiInProgress)
                  01014498    00000050                  : spawn.obj (.text:_SlInternalSpawnTaskEntry)
                  010144e8    00000050                  : eventreg.obj (.text:_SlNetAppHttpServerHdlr)
                  01014538    00000050                  : eventreg.obj (.text:_SlNetAppRequestHdlr)
                  01014588    00000050     mqtt_release.a : client_core.oem4 (.text:_procAckMsgRx)
                  010145d8    00000050     freertos_builds_CC3220SF_LAUNCHXL_release_ccs.lib : port.obj (.text:pxPortInitialiseStack)
                  01014628    00000050                                                       : semaphore.obj (.text:sem_init)
                  01014678    00000050                                                       : queue.obj (.text:xQueueGiveMutexRecursive)
                  010146c8    0000004e     mqtt_release.a : client_core.oem4 (.text:MQTTClientCore_registerWillInfo)
                  01014716    00000002     --HOLE-- [fill = 0]
                  01014718    0000004c     drivers_cc32xx.aem4 : GPIOCC32XX.oem4 (.text:GPIO_enableInt)
                  01014764    0000004c     simplelink.a : cc_pal.obj (.text:NwpWaitForShutDownInd)
                  010147b0    0000004c     drivers_cc32xx.aem4 : PowerCC32XX.oem4 (.text:PowerCC32XX_parkPin)
                  010147fc    0000004c     slnetifwifi.a : slnetifwifi.obj (.text:SlNetIfWifi_getConnectionStatus)
                  01014848    0000004c     slnetsock_release.a : slnetsock.oem4 (.text:SlNetSock_freeVirtualSocket)
                  01014894    0000004c                         : slnetsock.oem4 (.text:SlNetSock_startSec)
                  010148e0    0000004c     mqtt_release.a : client_core.oem4 (.text:ack1WlMqpDispatch)
                  0101492c    0000004c     rtsv7M4_T_le_eabi.lib : atoi.c.obj (.text:atoi)
                  01014978    0000004c     debug.obj (.text:dbgTerminalError)
                  010149c4    0000004c     freertos_builds_CC3220SF_LAUNCHXL_release_ccs.lib : startup_cc32xx_ccs.obj (.text:initVectors)
                  01014a10    0000004c     mqtt_release.a : client_core.oem4 (.text:loopbTrigger)
                  01014a5c    0000004c     freertos_builds_CC3220SF_LAUNCHXL_release_ccs.lib : timers.obj (.text:prvCheckForValidListAndQueue)
                  01014aa8    0000004c                                                       : tasks.obj (.text:prvCheckTasksWaitingTermination)
                  01014af4    0000004c     drivers_cc32xx.aem4 : PowerCC32XX.oem4 (.text:restorePeriphClocks)
                  01014b40    0000004c     mqtt_release.a : client_core.oem4 (.text:singleCtxRxPrep)
                  01014b8c    0000004c     simplelink.a : wlan.obj (.text:sl_WlanSetMode)
                  01014bd8    0000004c     rtsv7M4_T_le_eabi.lib : snprintf.c.obj (.text:snprintf)
                  01014c24    0000004c     freertos_builds_CC3220SF_LAUNCHXL_release_ccs.lib : port.obj (.text:vPortEnterCritical)
                  01014c70    0000004a     mqtt_release.a : client_core.oem4 (.text:clCtxRecv)
                  01014cba    00000002     --HOLE-- [fill = 0]
                  01014cbc    00000048     driverlib.a : flash.obj (.text:FlashDisable)
                  01014d04    00000048     freertos_builds_CC3220SF_LAUNCHXL_release_ccs.lib : HwiPCC32XX_freertos.obj (.text:HwiP_dispatch)
                  01014d4c    00000048     mqtt_release.a : mqttclient.oem4 (.text:MQTTClient_set)
                  01014d94    00000048     driverlib.a : prcm.obj (.text:PRCMLPDSEnter)
                  01014ddc    00000048                 : prcm.obj (.text:PRCMPeripheralClkEnable)
                  01014e24    00000048     drivers_cc32xx.aem4 : PowerCC32XX.oem4 (.text:Power_releaseConstraint)
                  01014e6c    00000048     slnetsock_release.a : slnetsock.oem4 (.text:SlNetSock_connect)
                  01014eb4    00000048                         : slnetsock.oem4 (.text:SlNetSock_init)
                  01014efc    00000048                         : slnetsock.oem4 (.text:SlNetSock_setOpt)
                  01014f44    00000048     simplelink.a : eventreg.obj (.text:_SlDeviceFatalErrorEvtHdlr)
                  01014f8c    00000048                  : eventreg.obj (.text:_SlDeviceGeneralEvtHdlr)
                  01014fd4    00000048                  : driver.obj (.text:_SlDrvBasicCmd)
                  0101501c    00000048                  : driver.obj (.text:_SlDrvSyncObjWaitTimeout)
                  01015064    00000048                  : eventreg.obj (.text:_SlNetAppEvtHdlr)
                  010150ac    00000048                  : eventreg.obj (.text:_SlNetAppRequestMemFree)
                  010150f4    00000048                  : eventreg.obj (.text:_SlSockEvtHdlr)
                  0101513c    00000048                  : eventreg.obj (.text:_SlWlanEvtHdlr)
                  01015184    00000048     mqtt_release.a : client_core.oem4 (.text:clCtxSetup)
                  010151cc    00000048     client_cbs.obj (.text:jsoneq)
                  01015214    00000048     rtsv7M4_T_le_eabi.lib : fd_toi_t2.asm.obj (.text)
                  0101525c    00000048     freertos_builds_CC3220SF_LAUNCHXL_release_ccs.lib : sleep.obj (.text:sleep)
                  010152a4    00000048                                                       : list.obj (.text:uxListRemove)
                  010152ec    00000048     mqtt_release.a : client_core.oem4 (.text:wrConnectVh)
                  01015334    00000046     drivers_cc32xx.aem4 : RingBuf.oem4 (.text:RingBuf_put)
                  0101537a    00000046                         : TimerCC32XX.oem4 (.text:getPrescaler)
                  010153c0    00000044                         : ADC.oem4 (.text:ADC_init)
                  01015404    00000044                         : I2C.oem4 (.text:I2C_init)
                  01015448    00000044     mqtt_release.a : client_core.oem4 (.text:MQTTClientCore_run)
                  0101548c    00000044                    : mqtt_net_func.oem4 (.text:MQTTNet_tcpRecv)
                  010154d0    00000044     driverlib.a : prcm.obj (.text:PRCMLPDSRestoreInfoSet)
                  01015514    00000044     drivers_cc32xx.aem4 : PowerCC32XX_asm.oem4 (.text:PowerCC32XX_enterLPDS)
                  01015558    00000044                         : SPI.oem4 (.text:SPI_init)
                  0101559c    00000044     slnetsock_release.a : slnetutils.oem4 (.text:SlNetUtil_strTok)
                  010155e0    00000044     drivers_cc32xx.aem4 : Timer.oem4 (.text:Timer_init)
                  01015624    00000044                         : UART.oem4 (.text:UART_init)
                  01015668    00000044     rtsv7M4_T_le_eabi.lib : autoinit.c.obj (.text:__TI_auto_init_nobinit_nopinit:__TI_auto_init_nobinit_nopinit)
                  010156ac    00000044     freertos_builds_CC3220SF_LAUNCHXL_release_ccs.lib : queue.obj (.text:prvInitialiseNewQueue)
                  010156f0    00000044     rtsv7M4_T_le_eabi.lib : fd_tou_t2.asm.obj (.text)
                  01015734    00000044     freertos_builds_CC3220SF_LAUNCHXL_release_ccs.lib : tasks.obj (.text:vTaskStepTick)
                  01015778    00000044     mqtt_release.a : client_core.oem4 (.text:vhMsgSend)
                  010157bc    00000042                    : mqtt_common.oem4 (.text:MQTT_packetBufRdRemlen)
                  010157fe    00000042     freertos_builds_CC3220SF_LAUNCHXL_release_ccs.lib : memory.obj (.text:malloc)
                  01015840    00000040     drivers_cc32xx.aem4 : ADC.oem4 (.text:ADC_open)
                  01015880    00000040     simplelink.a : sl_socket.obj (.text:CountSetBits)
                  010158c0    00000040     drivers_cc32xx.aem4 : I2C.oem4 (.text:I2C_open)
                  01015900    00000040     network_if.obj (.text:InitializeAppVariables)
                  01015940    00000040     mqtt_release.a : client_core.oem4 (.text:MQTTClientCore_registerCtxInfo)
                  01015980    00000040     driverlib.a : pin.obj (.text:PinModeSet)
                  010159c0    00000040     drivers_cc32xx.aem4 : RingBuf.oem4 (.text:RingBuf_get)
                  01015a00    00000040                         : SPI.oem4 (.text:SPI_open)
                  01015a40    00000040     slnetsock_release.a : slnetsock.oem4 (.text:SlNetSock_bind)
                  01015a80    00000040                         : slnetsock.oem4 (.text:SlNetSock_secAttribSet)
                  01015ac0    00000040     drivers_cc32xx.aem4 : Timer.oem4 (.text:Timer_open)
                  01015b00    00000040                         : UARTCC32XX.oem4 (.text:UARTCC32XX_read)
                  01015b40    00000040                         : UART.oem4 (.text:UART_open)
                  01015b80    00000040                         : UDMACC32XX.oem4 (.text:UDMACC32XX_init)
                  01015bc0    00000040     simplelink.a : driver.obj (.text:_SlDrvGlobalObjUnLock)
                  01015c00    00000040                  : driver.obj (.text:_SlFindAndReleasePendingCmd)
                  01015c40    00000040                  : spawn.obj (.text:_SlInternalSpawnWaitForEvent)
                  01015c80    00000040                  : eventreg.obj (.text:_SlIsEventRegistered)
                  01015cc0    00000040     mqtt_release.a : mqttclient.oem4 (.text:_sl_ExtLib_ServerAckLockedWait)
                  01015d00    00000040     client_cbs.obj (.text:jsmn_alloc_token)
                  01015d40    00000040     mqtt_release.a : client_core.oem4 (.text:netConnect)
                  01015d80    00000040     freertos_builds_CC3220SF_LAUNCHXL_release_ccs.lib : tasks.obj (.text:vTaskPlaceOnEventListRestricted)
                  01015dc0    0000003e                                                       : ClockP_freertos.obj (.text:ClockP_callbackFxn)
                  01015dfe    0000003e     mqtt_release.a : mqtt_common.oem4 (.text:MQTT_packetAckWlistRemove)
                  01015e3c    0000003e                    : mqtt_common.oem4 (.text:MQTT_packetBufTailWrRemlen)
                  01015e7a    0000003e     slnetsock_release.a : slnetsock.oem4 (.text:SlNetSock_close)
                  01015eb8    0000003e     simplelink.a : sl_socket.obj (.text:_SlSocketBuildAddress)
                  01015ef6    0000003e     rtsv7M4_T_le_eabi.lib : _printfi.c.obj (.text:_fcpy)
                  01015f34    0000003e     mqtt_release.a : client_core.oem4 (.text:clCtxSeg1Send)
                  01015f72    0000003e                    : client_core.oem4 (.text:procPingrspRx)
                  01015fb0    0000003e     freertos_builds_CC3220SF_LAUNCHXL_release_ccs.lib : pthread.obj (.text:pthread_setcancelstate)
                  01015fee    0000003e                                                       : semaphore.obj (.text:sem_post)
                  0101602c    0000003c     mqtt_release.a : client_core.oem4 (.text:MQTTClientCore_registerBuffers)
                  01016068    0000003c                    : mqttclient.oem4 (.text:MQTTClient_disconnect)
                  010160a4    0000003c                    : mqtt_common.oem4 (.text:MQTT_qos2PubCqCheck)
                  010160e0    0000003c     network_if.obj (.text:Network_IF_DisconnectFromAP)
                  0101611c    0000003c     driverlib.a : prcm.obj (.text:PRCMSlowClkCtrFastGet)
                  01016158    0000003c     drivers_cc32xx.aem4 : PowerCC32XX.oem4 (.text:Power_setConstraint)
                  01016194    0000003c     simplelink.a : netapp.obj (.text:_SlNetAppCopyPingResultsToReport)
                  010161d0    0000003c     ultraSonar_main.obj (.text:initUart)
                  0101620c    0000003c     mqtt_release.a : mqttclient.oem4 (.text:processDisconnCB)
                  01016248    0000003c     freertos_builds_CC3220SF_LAUNCHXL_release_ccs.lib : queue.obj (.text:prvCopyDataFromQueue)
                  01016284    0000003c                                                       : tasks.obj (.text:prvResetNextTaskUnblockTime)
                  010162c0    0000003c                                                       : tasks.obj (.text:pvTaskGetThreadLocalStoragePointer)
                  010162fc    0000003c     pixy_queue.obj (.text:sendI2CMsgToPixyQ)
                  01016338    0000003c     pixy_queue.obj (.text:sendTimeMsgToPixyQ)
                  01016374    0000003c     mqtt_release.a : client_core.oem4 (.text:singleCtxRxPrepLocked)
                  010163b0    0000003c                    : client_core.oem4 (.text:tailIncorpMsgID)
                  010163ec    0000003c     simplelink.a : sl_socket.obj (.text:to_mSec)
                  01016428    0000003c     freertos_builds_CC3220SF_LAUNCHXL_release_ccs.lib : sleep.obj (.text:usleep)
                  01016464    0000003c                                                       : list.obj (.text:vListInsertEnd)
                  010164a0    0000003c                                                       : timers.obj (.text:xTimerCreate)
                  010164dc    0000003a     slnetifwifi.a : slnetifwifi.obj (.text:SlNetIfWifi_getIPAddr)
                  01016516    0000003a     drivers_cc32xx.aem4 : TimerCC32XX.oem4 (.text:TimerCC32XX_close)
                  01016550    0000003a     mqtt_release.a : mqtt_common.oem4 (.text:mqpProcVhMsgIdRx)
                  0101658a    00000002     --HOLE-- [fill = 0]
                  0101658c    00000038                    : client_core.oem4 (.text:MQTTClientCore_registerNetSvc)
                  010165c4    00000038                    : mqtt_common.oem4 (.text:MQTT_qos2PubCqLogup)
                  010165fc    00000038     driverlib.a : prcm.obj (.text:PRCMLPDSEnterKeepDebugIf)
                  01016634    00000038     slnetifwifi.a : slnetifwifi.obj (.text:SlNetIfWifi_recvFrom)
                  0101666c    00000038                   : slnetifwifi.obj (.text:SlNetIfWifi_sendTo)
                  010166a4    00000038                   : slnetifwifi.obj (.text:SlNetIfWifi_socket)
                  010166dc    00000038     slnetsock_release.a : slnetif.oem4 (.text:SlNetIf_configCheck)
                  01016714    00000038                         : slnetsock.oem4 (.text:SlNetSock_listen)
                  0101674c    00000038                         : slnetutils.oem4 (.text:SlNetUtil_htonl)
                  01016784    00000038     mqtt_release.a : client_core.oem4 (.text:mqpAllocAtomic)
                  010167bc    00000038                    : client_core.oem4 (.text:netRecv)
                  010167f4    00000038     drivers_cc32xx.aem4 : PowerCC32XX.oem4 (.text:notify)
                  0101682c    00000038     freertos_builds_CC3220SF_LAUNCHXL_release_ccs.lib : timers.obj (.text:prvGetNextExpireTime)
                  01016864    00000038                                                       : port.obj (.text:prvTaskExitError)
                  0101689c    00000038     rtsv7M4_T_le_eabi.lib : sscanf.c.obj (.text:sscanf)
                  010168d4    00000036     mqtt_release.a : mqtt_common.oem4 (.text:MQTT_packetPrepFh)
                  0101690a    00000036     slnetifwifi.a : slnetifwifi.obj (.text:SlNetIfWifi_getHostByName)
                  01016940    00000036                   : slnetifwifi.obj (.text:SlNetIfWifi_select)
                  01016976    00000036     drivers_cc32xx.aem4 : TimerCC32XX.oem4 (.text:TimerCC32XX_hwiIntFunction)
                  010169ac    00000036     driverlib.a : timer.obj (.text:TimerControlStall)
                  010169e2    00000036     drivers_cc32xx.aem4 : UARTCC32XX.oem4 (.text:UARTCC32XX_readCancel)
                  01016a18    00000036     mqtt_release.a : client_core.oem4 (.text:_procPubRecRx)
                  01016a4e    00000036     rtsv7M4_T_le_eabi.lib : strncpy.c.obj (.text:strncpy)
                  01016a84    00000034     driverlib.a : pin.obj (.text:PinModeGet)
                  01016ab8    00000034     drivers_cc32xx.aem4 : PowerCC32XX.oem4 (.text:PowerCC32XX_restoreParkState)
                  01016aec    00000034     freertos_builds_CC3220SF_LAUNCHXL_release_ccs.lib : SemaphoreP_freertos.obj (.text:SemaphoreP_pend)
                  01016b20    00000034     slnetsock_release.a : slnetutils.oem4 (.text:SlNetUtil_htons)
                  01016b54    00000034     drivers_cc32xx.aem4 : TimerCC32XX.oem4 (.text:TimerCC32XX_freeTimerResource)
                  01016b88    00000034                         : UDMACC32XX.oem4 (.text:UDMACC32XX_close)
                  01016bbc    00000034     debug.obj (.text:dbgOutputLoc)
                  01016bf0    00000034     drivers_cc32xx.aem4 : TimerCC32XX.oem4 (.text:getPowerMgrId)
                  01016c24    00000034     mqtt_release.a : client_core.oem4 (.text:groupCtxsKaSequence)
                  01016c58    00000034     timer_pixy.obj (.text:init_timerPixy)
                  01016c8c    00000034     mqtt_release.a : client_core.oem4 (.text:mqpFreeLocked)
                  01016cc0    00000034                    : client_core.oem4 (.text:procLoopbackRecv)
                  01016cf4    00000034     freertos_builds_CC3220SF_LAUNCHXL_release_ccs.lib : timers.obj (.text:prvSampleTimeNow)
                  01016d28    00000034     mqtt_queue.obj (.text:sendMqttFinishToSensorQ)
                  01016d5c    00000034     freertos_builds_CC3220SF_LAUNCHXL_release_ccs.lib : tasks.obj (.text:vTaskPlaceOnEventList)
                  01016d90    00000034                                                       : tasks.obj (.text:vTaskSetThreadLocalStoragePointer)
                  01016dc4    00000032     mqtt_release.a : mqtt_common.oem4 (.text:MQTT_clCtxTimeoutInsert)
                  01016df6    00000032                    : client_core.oem4 (.text:connectedStateRx)
                  01016e28    00000030     drivers_cc32xx.aem4 : PowerCC32XX.oem4 (.text:PowerCC32XX_restoreParkedPin)
                  01016e58    00000030     simplelink.a : fs.obj (.text:_SlFsStrlen)
                  01016e88    00000030     rtsv7M4_T_le_eabi.lib : snprintf.c.obj (.text:_outs)
                  01016eb8    00000030     mqtt_release.a : client_core.oem4 (.text:ack2MsgIdUnlog)
                  01016ee8    00000030                    : client_core.oem4 (.text:bufUTF8WrTry)
                  01016f18    00000030                    : client_core.oem4 (.text:clientDescInit)
                  01016f48    00000030                    : mqttclient.oem4 (.text:getAvailableClictxMem)
                  01016f78    00000030     freertos_builds_CC3220SF_LAUNCHXL_release_ccs.lib : list.obj (.text:vListInitialise)
                  01016fa8    00000030                                                       : port.obj (.text:vPortExitCritical)
                  01016fd8    00000030                                                       : tasks.obj (.text:xTaskGetSchedulerState)
                  01017008    0000002e     simplelink.a : cc_pal.obj (.text:Mutex_create_handle)
                  01017036    0000002e     timer_pixy.obj (.text:init_I2C_transaction)
                  01017064    0000002e     freertos_builds_CC3220SF_LAUNCHXL_release_ccs.lib : timers.obj (.text:pvTimerGetTimerID)
                  01017092    0000002e     rtsv7M4_T_le_eabi.lib : i_tofd_t2.asm.obj (.text)
                  010170c0    0000002c     freertos_builds_CC3220SF_LAUNCHXL_release_ccs.lib : HwiPCC32XX_freertos.obj (.text:HwiP_disable)
                  010170ec    0000002c     simplelink.a : cc_pal.obj (.text:NwpPowerOn)
                  01017118    0000002c     driverlib.a : prcm.obj (.text:PRCMLPDSIntervalSet)
                  01017144    0000002c     drivers_cc32xx.aem4 : PowerCC32XX.oem4 (.text:PowerCC32XX_getParkState)
                  01017170    0000002c     freertos_builds_CC3220SF_LAUNCHXL_release_ccs.lib : SemaphoreP_freertos.obj (.text:SemaphoreP_createBinary)
                  0101719c    0000002c     slnetifwifi.a : slnetifwifi.obj (.text:SlNetIfWifi_recv)
                  010171c8    0000002c                   : slnetifwifi.obj (.text:SlNetIfWifi_send)
                  010171f4    0000002c     simplelink.a : driver.obj (.text:_SlDrvSyncObjWaitForever)
                  01017220    0000002c     mqtt_release.a : client_core.oem4 (.text:doNetCloseRx)
                  0101724c    0000002c     timer_pixy.obj (.text:init_I2C)
                  01017278    0000002c     client_cbs.obj (.text:jsmn_fill_token)
                  010172a4    0000002c     freertos_builds_CC3220SF_LAUNCHXL_release_ccs.lib : pthread_mutex.obj (.text:pthread_mutexattr_settype)
                  010172d0    0000002c     mqtt_queue.obj (.text:sendMsgToMqtt)
                  010172fc    0000002c     sensors_queue.obj (.text:sendMsgToSensorQ)
                  01017328    0000002c     mqtt_queue.obj (.text:sendMsgToStatQueue)
                  01017354    0000002c     mqtt_release.a : client_core.oem4 (.text:singleCtxAdjWaitSecsGet)
                  01017380    0000002c     rtsv7M4_T_le_eabi.lib : strncmp.c.obj (.text:strncmp)
                  010173ac    0000002c     freertos_builds_CC3220SF_LAUNCHXL_release_ccs.lib : tasks.obj (.text:vTaskSetApplicationTaskTag)
                  010173d8    0000002c                                                       : port.obj (.text:xPortSysTickHandler)
                  01017404    0000002c                                                       : queue.obj (.text:xQueueCreateMutex)
                  01017430    0000002a     mqtt_client_app.obj (.text:MqttClientThread)
                  0101745a    0000002a     slnetsock_release.a : slnetutils.oem4 (.text:SlNetUtil_inetPton)
                  01017484    0000002a     driverlib.a : timer.obj (.text:TimerLoadSet)
                  010174ae    0000002a                 : timer.obj (.text:TimerPrescaleSet)
                  010174d8    0000002a     mqtt_release.a : client_core.oem4 (.text:ack2MsgIdDispatch)
                  01017502    0000002a                    : client_core.oem4 (.text:pingReqSend)
                  0101752c    0000002a     freertos_builds_CC3220SF_LAUNCHXL_release_ccs.lib : queue.obj (.text:prvInitialiseMutex)
                  01017556    0000002a     mqtt_release.a : client_core.oem4 (.text:txPartSetup)
                  01017580    0000002a     freertos_builds_CC3220SF_LAUNCHXL_release_ccs.lib : queue.obj (.text:uxQueueMessagesWaiting)
                  010175aa    00000002     --HOLE-- [fill = 0]
                  010175ac    00000028                                                       : HwiPCC32XX_freertos.obj (.text:HwiP_inISR)
                  010175d4    00000028     mqtt_release.a : mqtt_common.oem4 (.text:MQTT_packetBufWrUtf8)
                  010175fc    00000028     driverlib.a : prcm.obj (.text:PRCMLPDSWakeupSourceEnable)
                  01017624    00000028                 : prcm.obj (.text:PRCMPeripheralClkDisable)
                  0101764c    00000028     drivers_cc32xx.aem4 : PowerCC32XX.oem4 (.text:Power_registerNotify)
                  01017674    00000028     slnetsock_release.a : slnetif.oem4 (.text:SlNetIf_getIfByID)
                  0101769c    00000028                         : slnetsock.oem4 (.text:SlNetSock_sdsIsSet)
                  010176c4    00000028                         : slnetsock.oem4 (.text:SlNetSock_sdsSet)
                  010176ec    00000028                         : slnetsock.oem4 (.text:SlNetSock_secAttribDelete)
                  01017714    00000028     simplelink.a : driver.obj (.text:_SlDrvProtectionObjLockWaitForever)
                  0101773c    00000028                  : driver.obj (.text:_SlDrvProtectionObjUnLock)
                  01017764    00000028                  : flowcont.obj (.text:_SlFlowContSet)
                  0101778c    00000028     mqtt_release.a : client_core.oem4 (.text:_procPubRelRx)
                  010177b4    00000028                    : mqttclient.oem4 (.text:_sl_ExtLib_AwaitedAckLockedSet)
                  010177dc    00000028     freertos_builds_CC3220SF_LAUNCHXL_release_ccs.lib : pthread.obj (.text:pthread_attr_setschedparam)
                  01017804    00000028                                                       : semaphore.obj (.text:sem_trywait)
                  0101782c    00000028                                                       : tasks.obj (.text:xTaskGetApplicationTaskTag)
                  01017854    00000026     drivers_cc32xx.aem4 : List.oem4 (.text:List_put)
                  0101787a    00000026                         : List.oem4 (.text:List_remove)
                  010178a0    00000026     mqtt_release.a : mqtt_common.oem4 (.text:MQTT_clCtxRemove)
                  010178c6    00000026     freertos_builds_CC3220SF_LAUNCHXL_release_ccs.lib : pthread.obj (.text:_pthread_cleanup_pop)
                  010178ec    00000026                                                       : queue.obj (.text:prvIsQueueFull)
                  01017912    00000002     --HOLE-- [fill = 0]
                  01017914    00000024     driverlib.a : interrupt.obj (.text:IntUnregister)
                  01017938    00000024     slnetsock_release.a : slnetif.oem4 (.text:SlNetIf_getConnectionStatus)
                  0101795c    00000024     simplelink.a : driver.obj (.text:_SlDrvIsApiInProgress)
                  01017980    00000024                  : driver.obj (.text:_SlDrvStartMeasureTimeout)
                  010179a4    00000024     rtsv7M4_T_le_eabi.lib : boot_cortex_m.c.obj (.text:_c_int00_noargs:_c_int00_noargs)
                  010179c8    00000024     mqtt_release.a : client_core.oem4 (.text:conn2usedCtxs)
                  010179ec    00000024     mqtt_queue.obj (.text:createStatQ)
                  01017a10    00000024     freertos_builds_CC3220SF_LAUNCHXL_release_ccs.lib : queue.obj (.text:prvGetDisinheritPriorityAfterTimeout)
                  01017a34    00000024     mqtt_queue.obj (.text:recieveMsgFromMqtt)
                  01017a58    00000024     mqtt_queue.obj (.text:recieveMsgFromStatQueue)
                  01017a7c    00000024     mqtt_release.a : client_core.oem4 (.text:recvHvecLoad)
                  01017aa0    00000024     freertos_builds_CC3220SF_LAUNCHXL_release_ccs.lib : semaphore.obj (.text:sem_getvalue)
                  01017ac4    00000024     simplelink.a : wlan.obj (.text:sl_WlanDisconnect)
                  01017ae8    00000024     freertos_builds_CC3220SF_LAUNCHXL_release_ccs.lib : queue.obj (.text:vQueueDelete)
                  01017b0c    00000024                                                       : tasks.obj (.text:vTaskInternalSetTimeOutState)
                  01017b30    00000022     mqtt_release.a : mqtt_common.oem4 (.text:MQTT_packetProcMsgIdAckRx)
                  01017b52    00000022     freertos_builds_CC3220SF_LAUNCHXL_release_ccs.lib : SemaphoreP_freertos.obj (.text:SemaphoreP_post)
                  01017b74    00000022                                                       : aeabi_portable.obj (.text:__aeabi_errno_addr)
                  01017b96    00000022                                                       : pthread.obj (.text:pthread_attr_setdetachstate)
                  01017bb8    00000020     drivers_cc32xx.aem4 : ADCCC32XX.oem4 (.text:ADCCC32XX_convertToMicroVolts)
                  01017bd8    00000020     freertos_builds_CC3220SF_LAUNCHXL_release_ccs.lib : ClockP_freertos.obj (.text:ClockP_getCpuFreq)
                  01017bf8    00000020                                                       : HwiPCC32XX_freertos.obj (.text:HwiP_restore)
                  01017c18    00000020     driverlib.a : interrupt.obj (.text:IntRegister)
                  01017c38    00000020     mqtt_release.a : mqtt_common.oem4 (.text:MQTT_qos2PubCqReset)
                  01017c58    00000020     drivers_cc32xx.aem4 : PowerCC32XX.oem4 (.text:Power_unregisterNotify)
                  01017c78    00000020                         : RingBuf.oem4 (.text:RingBuf_peek)
                  01017c98    00000020     slnetifwifi.a : slnetifwifi.obj (.text:SlNetIfWifi_accept)
                  01017cb8    00000020     mqtt_queue.obj (.text:createMqttQ)
                  01017cd8    00000020     pixy_queue.obj (.text:createPixyQ)
                  01017cf8    00000020     sensors_queue.obj (.text:createSensorQ)
                  01017d18    00000020     drivers_cc32xx.aem4 : SPICC32XXDMA.oem4 (.text:getPowerMgrId)
                  01017d38    00000020                         : UARTCC32XX.oem4 (.text:getPowerMgrId)
                  01017d58    00000020     timer_pixy.obj (.text:i2cCallback)
                  01017d78    00000020     freertos_builds_CC3220SF_LAUNCHXL_release_ccs.lib : queue.obj (.text:prvIsQueueEmpty)
                  01017d98    00000020     rtsv7M4_T_le_eabi.lib : u_tofd_t2.asm.obj (.text)
                  01017db8    00000020     freertos_builds_CC3220SF_LAUNCHXL_release_ccs.lib : semaphore.obj (.text:semaphorePend)
                  01017dd8    00000020     mqtt_release.a : client_core.oem4 (.text:session311fix)
                  01017df8    0000001e     freertos_builds_CC3220SF_LAUNCHXL_release_ccs.lib : ClockP_freertos.obj (.text:ClockP_start)
                  01017e16    0000001e                                                       : HwiPCC32XX_freertos.obj (.text:HwiP_Params_init)
                  01017e34    0000001e     mqtt_release.a : client_core.oem4 (.text:MQTTClientCore_alloc)
                  01017e52    0000001e                    : client_core.oem4 (.text:MQTTClientCore_ctxRun)
                  01017e70    0000001e     slnetifwifi.a : slnetifwifi.obj (.text:SlNetIfWifi_bind)
                  01017e8e    0000001e                   : slnetifwifi.obj (.text:SlNetIfWifi_connect)
                  01017eac    0000001e     driverlib.a : timer.obj (.text:TimerDisable)
                  01017eca    0000001e                 : timer.obj (.text:TimerEnable)
                  01017ee8    0000001e     simplelink.a : driver.obj (.text:_SlDrvObjLockWaitForever)
                  01017f06    0000001e                  : driver.obj (.text:_SlDrvObjUnLock)
                  01017f24    0000001e                  : driver.obj (.text:_SlDrvSyncObjSignal)
                  01017f42    0000001e     freertos_builds_CC3220SF_LAUNCHXL_release_ccs.lib : pthread.obj (.text:_pthread_runStub)
                  01017f60    0000001e     client_cbs.obj (.text:jsmn_init)
                  01017f7e    0000001e     drivers_cc32xx.aem4 : UDMACC32XX.oem4 (.text:postNotifyFxn)
                  01017f9c    0000001e     mqtt_release.a : client_core.oem4 (.text:procNetDataRecv)
                  01017fba    0000001e                    : client_core.oem4 (.text:sessionDelete)
                  01017fd8    0000001c     freertos_builds_CC3220SF_LAUNCHXL_release_ccs.lib : ClockP_freertos.obj (.text:ClockP_Params_init)
                  01017ff4    0000001c     driverlib.a : pin.obj (.text:PinToPadGet)
                  01018010    0000001c     simplelink.a : device.obj (.text:_SlDeviceGetStartResponseConvert)
                  0101802c    0000001c                  : spawn.obj (.text:_SlInternalIsItSpawnThread)
                  01018048    0000001c     mqtt_release.a : client_core.oem4 (.text:doNetCloseTx)
                  01018064    0000001c     rtsv7M4_T_le_eabi.lib : memccpy.c.obj (.text:memccpy)
                  01018080    0000001c     mqtt_release.a : client_core.oem4 (.text:processRecv)
                  0101809c    0000001c     freertos_builds_CC3220SF_LAUNCHXL_release_ccs.lib : pthread.obj (.text:pthread_attr_init)
                  010180b8    0000001c                                                       : pthread_mutex.obj (.text:pthread_mutexattr_init)
                  010180d4    0000001c                                                       : tasks.obj (.text:pvTaskIncrementMutexHeldCount)
                  010180f0    0000001c     mqtt_release.a : client_core.oem4 (.text:usedCtxsTOSort)
                  0101810c    0000001a                    : mqtt_common.oem4 (.text:MQTT_packetAckWlistPurge)
                  01018126    0000001a     freertos_builds_CC3220SF_LAUNCHXL_release_ccs.lib : PTLS.obj (.text:PTLS_taskDeleteHook)
                  01018140    0000001a     slnetifwifi.a : slnetifwifi.obj (.text:SlNetIfWifi_listen)
                  0101815a    0000001a     freertos_builds_CC3220SF_LAUNCHXL_release_ccs.lib : timers.obj (.text:prvTimerTask)
                  01018174    0000001a                                                       : pthread_mutex.obj (.text:pthread_mutex_destroy)
                  0101818e    00000018     mqtt_release.a : mqtt_common.oem4 (.text:MQTT_clCtxTimeoutUpdate)
                  010181a6    00000002     --HOLE-- [fill = 0]
                  010181a8    00000018     drivers_cc32xx.aem4 : PowerCC32XX.oem4 (.text:Power_idleFunc)
                  010181c0    00000018                         : TimerCC32XX.oem4 (.text:TimerCC32XX_getCount)
                  010181d8    00000018     driverlib.a : timer.obj (.text:TimerIntDisable)
                  010181f0    00000018                 : timer.obj (.text:TimerIntEnable)
                  01018208    00000018                 : uart.obj (.text:UARTBusy)
                  01018220    00000018                 : uart.obj (.text:UARTIntEnable)
                  01018238    00000018     rtsv7M4_T_le_eabi.lib : snprintf.c.obj (.text:_outc)
                  01018250    00000018     freertos_builds_CC3220SF_LAUNCHXL_release_ccs.lib : memory.obj (.text:free)
                  01018268    00000018     mqtt_release.a : client_core.oem4 (.text:groupCtxsAdjWaitSecsGet)
                  01018280    00000018                    : client_core.oem4 (.text:netClCtxFind)
                  01018298    00000018     timer_pixy.obj (.text:read_I2C)
                  010182b0    00000018     rtsv7M4_T_le_eabi.lib : ll_mul_t2.asm.obj (.text)
                  010182c8    00000018     freertos_builds_CC3220SF_LAUNCHXL_release_ccs.lib : semaphore.obj (.text:sem_wait)
                  010182e0    00000018     rtsv7M4_T_le_eabi.lib : strrchr.c.obj (.text:strrchr)
                  010182f8    00000016     freertos_builds_CC3220SF_LAUNCHXL_release_ccs.lib : ClockP_freertos.obj (.text:ClockP_setTimeout)
                  0101830e    00000016     mqtt_release.a : mqtt_net_func.oem4 (.text:MQTTNet_commClose)
                  01018324    00000016                    : mqtt_common.oem4 (.text:MQTT_clCtxReset)
                  0101833a    00000016                    : mqtt_common.oem4 (.text:MQTT_packetFree)
                  01018350    00000016                    : mqtt_common.oem4 (.text:MQTT_packetInit)
                  01018366    00000016     driverlib.a : prcm.obj (.text:PRCMHIBRegRead)
                  0101837c    00000016                 : prcm.obj (.text:PRCMHIBRegWrite)
                  01018392    00000016     freertos_builds_CC3220SF_LAUNCHXL_release_ccs.lib : PTLS.obj (.text:PTLS_getBuf)
                  010183a8    00000016                                                       : PTLS.obj (.text:PTLS_setBuf)
                  010183be    00000016                                                       : SemaphoreP_freertos.obj (.text:SemaphoreP_Params_init)
                  010183d4    00000016     simplelink.a : driver.obj (.text:_SlDrvMemZero)
                  010183ea    00000016     timer_pixy.obj (.text:pixyTimerCallback)
                  01018400    00000016     freertos_builds_CC3220SF_LAUNCHXL_release_ccs.lib : startup_cc32xx_ccs.obj (.text:resetISR)
                  01018416    00000016     rtsv7M4_T_le_eabi.lib : strchr.c.obj (.text:strchr)
                  0101842c    00000014     driverlib.a : cpu.obj (.text:CPUcpsie)
                  01018440    00000014                 : interrupt.obj (.text:IntVTableBaseSet)
                  01018454    00000014     mqtt_release.a : mqttclient.oem4 (.text:MQTTClient_publish)
                  01018468    00000014                    : mqtt_net_func.oem4 (.text:MQTTNet_rtcSecs)
                  0101847c    00000014                    : mqtt_common.oem4 (.text:MQTT_packetAckWlistAppend)
                  01018490    00000014                    : mqtt_common.oem4 (.text:MQTT_packetReset)
                  010184a4    00000014     drivers_cc32xx.aem4 : PowerCC32XX.oem4 (.text:Power_getDependencyCount)
                  010184b8    00000014                         : SPI.oem4 (.text:SPI_Params_init)
                  010184cc    00000014     slnetsock_release.a : slnetsock.oem4 (.text:SlNetSock_sdsClrAll)
                  010184e0    00000014     mqtt_release.a : client_core.oem4 (.text:ack1WlRmfree)
                  010184f4    00000014     freertos_builds_CC3220SF_LAUNCHXL_release_ccs.lib : tasks.obj (.text:prvDeleteTCB)
                  01018508    00000014                                                       : pthread.obj (.text:pthread_attr_setstacksize)
                  0101851c    00000014                                                       : pthread_mutex.obj (.text:pthread_mutex_lock)
                  01018530    00000014                                                       : pthread.obj (.text:pthread_self)
                  01018544    00000014     drivers_cc32xx.aem4 : UARTCC32XX.oem4 (.text:releasePowerConstraint)
                  01018558    00000014     freertos_builds_CC3220SF_LAUNCHXL_release_ccs.lib : semaphore.obj (.text:sem_destroy)
                  0101856c    00000014     rtsv7M4_T_le_eabi.lib : strcpy.c.obj (.text:strcpy)
                  01018580    00000014                           : strlen.c.obj (.text:strlen)
                  01018594    00000014     mqtt_release.a : client_core.oem4 (.text:txPartBufP)
                  010185a8    00000014                    : client_core.oem4 (.text:txPartReset)
                  010185bc    00000014     freertos_builds_CC3220SF_LAUNCHXL_release_ccs.lib : PowerCC32XX_freertos.obj (.text:vPortSuppressTicksAndSleep)
                  010185d0    00000014                                                       : tasks.obj (.text:xTaskGetCurrentTaskHandle)
                  010185e4    00000014                                                       : tasks.obj (.text:xTaskGetTickCount)
                  010185f8    00000012                                                       : HwiPCC32XX_freertos.obj (.text:HwiP_delete)
                  0101860a    00000012     drivers_cc32xx.aem4 : RingBuf.oem4 (.text:RingBuf_construct)
                  0101861c    00000012     slnetifwifi.a : slnetifwifi.obj (.text:SlNetIfWifi_close)
                  0101862e    00000012     driverlib.a : timer.obj (.text:TimerIntClear)
                  01018640    00000012     rtsv7M4_T_le_eabi.lib : sscanf.c.obj (.text:_inpchar)
                  01018652    00000012     mqtt_release.a : client_core.oem4 (.text:mqpDoNotReportCor)
                  01018664    00000012                    : client_core.oem4 (.text:sessionResume)
                  01018676    00000012     rtsv7M4_T_le_eabi.lib : wcslen.c.obj (.text:wcslen)
                  01018688    00000010     Board.obj (.text:Board_init)
                  01018698    00000010     freertos_builds_CC3220SF_LAUNCHXL_release_ccs.lib : ClockP_freertos.obj (.text:ClockP_getSystemTickPeriod)
                  010186a8    00000010     drivers_cc32xx.aem4 : I2C.oem4 (.text:I2C_Params_init)
                  010186b8    00000010     slnetsock_release.a : slnetsock.oem4 (.text:SlNetSock_secAttribCreate)
                  010186c8    00000010     driverlib.a : systick.obj (.text:SysTickDisable)
                  010186d8    00000010                 : systick.obj (.text:SysTickEnable)
                  010186e8    00000010     drivers_cc32xx.aem4 : Timer.oem4 (.text:Timer_Params_init)
                  010186f8    00000010     simplelink.a : driver.obj (.text:_SlDrvDispatchHttpServerEvents)
[...]
0101602d  MQTTClientCore_registerBuffers            
01016069  MQTTClient_disconnect                     
010160a5  MQTT_qos2PubCqCheck                       
010160e1  Network_IF_DisconnectFromAP               
0101611d  PRCMSlowClkCtrFastGet                     
01016159  Power_setConstraint                       
010161d1  initUart                                  
010162c1  pvTaskGetThreadLocalStoragePointer        
010162fd  sendI2CMsgToPixyQ                         
01016339  sendTimeMsgToPixyQ                        
01016429  usleep                                    
01016465  vListInsertEnd                            
010164a1  xTimerCreate                              
010164dd  SlNetIfWifi_getIPAddr                     
01016517  TimerCC32XX_close                         
0101658d  MQTTClientCore_registerNetSvc             
010165c5  MQTT_qos2PubCqLogup                       
010165fd  PRCMLPDSEnterKeepDebugIf                  
01016635  SlNetIfWifi_recvFrom                      
0101666d  SlNetIfWifi_sendTo                        
010166a5  SlNetIfWifi_socket                        
01016715  SlNetSock_listen                          
0101674d  SlNetUtil_htonl                           
0101674d  SlNetUtil_ntohl                           
0101689d  sscanf                                    
010168d5  MQTT_packetPrepFh                         
0101690b  SlNetIfWifi_getHostByName                 
01016941  SlNetIfWifi_select                        
010169ad  TimerControlStall                         
010169e3  UARTCC32XX_readCancel                     
01016a4f  strncpy                                   
01016a85  PinModeGet                                
01016ab9  PowerCC32XX_restoreParkState              
01016aed  SemaphoreP_pend                           
01016b21  SlNetUtil_htons                           
01016b21  SlNetUtil_ntohs                           
01016b55  TimerCC32XX_freeTimerResource             
01016b89  UDMACC32XX_close                          
01016bbd  dbgOutputLoc                              
01016c59  init_timerPixy                            
01016d29  sendMqttFinishToSensorQ                   
01016d5d  vTaskPlaceOnEventList                     
01016d91  vTaskSetThreadLocalStoragePointer         
01016dc5  MQTT_clCtxTimeoutInsert                   
01016e29  PowerCC32XX_restoreParkedPin              
01016f79  vListInitialise                           
01016fa9  vPortExitCritical                         
01016fd9  xTaskGetSchedulerState                    
01017009  Mutex_create_handle                       
01017037  init_I2C_transaction                      
01017065  pvTimerGetTimerID                         
01017093  __aeabi_i2d                               
010170c1  HwiP_disable                              
010170ed  NwpPowerOn                                
01017119  PRCMLPDSIntervalSet                       
01017145  PowerCC32XX_getParkState                  
01017171  SemaphoreP_createBinary                   
0101719d  SlNetIfWifi_recv                          
010171c9  SlNetIfWifi_send                          
010171f5  _SlDrvSyncObjWaitForever                  
0101724d  init_I2C                                  
010172a5  pthread_mutexattr_settype                 
010172d1  sendMsgToMqtt                             
010172fd  sendMsgToSensorQ                          
01017329  sendMsgToStatQueue                        
01017381  strncmp                                   
010173ad  vTaskSetApplicationTaskTag                
010173d9  xPortSysTickHandler                       
01017405  xQueueCreateMutex                         
01017431  MqttClientThread                          
0101745b  SlNetUtil_inetPton                        
01017485  TimerLoadSet                              
010174af  TimerPrescaleSet                          
01017581  uxQueueMessagesWaiting                    
010175ad  HwiP_inISR                                
010175d5  MQTT_packetBufWrUtf8                      
010175fd  PRCMLPDSWakeupSourceEnable                
01017625  PRCMPeripheralClkDisable                  
0101764d  Power_registerNotify                      
01017675  SlNetIf_getIfByID                         
0101769d  SlNetSock_sdsIsSet                        
010176c5  SlNetSock_sdsSet                          
010176ed  SlNetSock_secAttribDelete                 
01017715  _SlDrvProtectionObjLockWaitForever        
0101773d  _SlDrvProtectionObjUnLock                 
01017765  _SlFlowContSet                            
010177b5  _sl_ExtLib_AwaitedAckLockedSet            
010177dd  pthread_attr_setschedparam                
01017805  sem_trywait                               
0101782d  xTaskGetApplicationTaskTag                
01017855  List_put                                  
0101787b  List_remove                               
010178a1  MQTT_clCtxRemove                          
010178c7  _pthread_cleanup_pop                      
01017915  IntUnregister                             
01017939  SlNetIf_getConnectionStatus               
0101795d  _SlDrvIsApiInProgress                     
01017981  _SlDrvStartMeasureTimeout                 
010179a5  _c_int00_noargs                           
010179ed  createStatQ                               
01017a35  recieveMsgFromMqtt                        
01017a59  recieveMsgFromStatQueue                   
01017aa1  sem_getvalue                              
01017ac5  sl_WlanDisconnect                         
01017ae9  vQueueDelete                              
01017b0d  vTaskInternalSetTimeOutState              
01017b31  MQTT_packetProcMsgIdAckRx                 
01017b53  SemaphoreP_post                           
01017b75  __aeabi_errno_addr                        
01017b97  pthread_attr_setdetachstate               
01017bb9  ADCCC32XX_convertToMicroVolts             
01017bd9  ClockP_getCpuFreq                         
01017bf9  HwiP_restore                              
01017c19  IntRegister                               
01017c39  MQTT_qos2PubCqReset                       
01017c59  Power_unregisterNotify                    
01017c79  RingBuf_peek                              
01017c99  SlNetIfWifi_accept                        
01017cb9  createMqttQ                               
01017cd9  createPixyQ                               
01017cf9  createSensorQ                             
01017d59  i2cCallback                               
01017d99  __aeabi_ui2d                              
01017df9  ClockP_start                              
01017e17  HwiP_Params_init                          
01017e35  MQTTClientCore_alloc                      
01017e53  MQTTClientCore_ctxRun                     
01017e71  SlNetIfWifi_bind                          
01017e8f  SlNetIfWifi_connect                       
01017ead  TimerDisable                              
01017ecb  TimerEnable                               
01017ee9  _SlDrvObjLockWaitForever                  
01017f07  _SlDrvObjUnLock                           
01017f25  _SlDrvSyncObjSignal                       
01017f61  jsmn_init                                 
01017fd9  ClockP_Params_init                        
01017ff5  PinToPadGet                               
0101802d  _SlInternalIsItSpawnThread                
01018065  memccpy                                   
0101809d  pthread_attr_init                         
010180b9  pthread_mutexattr_init                    
010180d5  pvTaskIncrementMutexHeldCount             
0101810d  MQTT_packetAckWlistPurge                  
01018127  PTLS_taskDeleteHook                       
01018141  SlNetIfWifi_listen                        
01018175  pthread_mutex_destroy                     
0101818f  MQTT_clCtxTimeoutUpdate                   
010181a9  Power_idleFunc                            
010181c1  TimerCC32XX_getCount                      
010181d9  TimerIntDisable                           
010181f1  TimerIntEnable                            
01018209  UARTBusy                                  
01018221  UARTIntEnable                             
01018251  free                                      
01018299  read_I2C                                  
010182b1  __aeabi_lmul                              
010182c9  sem_wait                                  
010182e1  strrchr                                   
010182f9  ClockP_setTimeout                         
0101830f  MQTTNet_commClose                         
01018325  MQTT_clCtxReset                           
0101833b  MQTT_packetFree                           
01018351  MQTT_packetInit                           
01018367  PRCMHIBRegRead                            
0101837d  PRCMHIBRegWrite                           
01018393  PTLS_getBuf                               
010183a9  PTLS_setBuf                               
010183bf  SemaphoreP_Params_init                    
010183d5  _SlDrvMemZero                             
010183eb  pixyTimerCallback                         
01018401  resetISR                                  
01018410  resetVectorAddr                           
01018417  strchr                                    
0101842d  CPUcpsie                                  
01018441  IntVTableBaseSet                          
01018455  MQTTClient_publish                        
01018469  MQTTNet_rtcSecs                           
0101847d  MQTT_packetAckWlistAppend                 
01018491  MQTT_packetReset                          
010184a5  Power_getDependencyCount                  
010184b9  SPI_Params_init                           
010184cd  SlNetSock_sdsClrAll                       
01018509  pthread_attr_setstacksize                 
0101851d  pthread_mutex_lock                        
01018531  pthread_self                              
01018559  sem_destroy                               
0101856d  strcpy                                    
01018581  strlen                                    
010185bd  vPortSuppressTicksAndSleep                
010185d1  xTaskGetCurrentTaskHandle                 
010185e5  xTaskGetTickCount                         
010185f9  HwiP_delete                               
0101860b  RingBuf_construct                         
0101861d  SlNetIfWifi_close                         
0101862f  TimerIntClear                             
01018677  wcslen                                    
01018689  Board_init                                
01018699  ClockP_getSystemTickPeriod                
010186a9  I2C_Params_init                           
010186b9  SlNetSock_secAttribCreate                 
010186c9  SysTickDisable                            
010186d9  SysTickEnable                             
010186e9  Timer_Params_init                         
010186f9  _SlDrvDispatchHttpServerEvents            
01018709  _SlDrvDispatchNetAppRequestEvents         
01018719  _SlDrvIsSpawnOwnGlobalLock                
01018779  vListInitialiseItem                       
01018789  vTaskSuspendAll                           
01018799  MQTTClient_subscribe                      
010187a7  Power_getTransitionLatency                
010187b5  RingBuf_isFull                            
010187c3  _SlDrvResetCmdExt                         
010187d1  _sl_ExtLib_AwaitedAckSet                  
010187ed  __TI_decompress_none                      
01018809  spi_Close                                 
01018817  CPUwfi                                    
01018823  HwiP_clearInterrupt                       
0101882f  HwiP_disableInterrupt                     
0101883b  HwiP_enableInterrupt                      
01018847  MQTTClientCore_sendConnectMsg             
01018853  MQTT_secureConnStructInit                 
01018861  Network_IF_ResetMCUStateMachine           
0101886d  NwpMaskInterrupt                          
01018879  NwpUnMaskInterrupt                        
01018885  Power_getConstraintMask                   
01018891  SemaphoreP_delete                         
0101889d  SimpleLinkHttpServerEventHandler          
010188a9  SimpleLinkNetAppRequestEventHandler       
010188b5  _SlDeviceResetRequestInitCompletedCB      
010188cd  copysign                                  
010188cd  copysignl                                 
010188d9  __TI_zero_init                            
01018909  uDMAErrorStatusClear                      
01018915  uDMAErrorStatusGet                        
01018921  vTaskMissedYield                          
0101892d  ADC_Params_init                           
01018937  ADC_convert                               
01018941  ADC_convertToMicroVolts                   
0101894b  I2C_transfer                              
01018955  IntMasterEnable                           
0101895f  SPI_close                                 
01018969  SPI_transfer                              
01018973  SimpleLinkFatalErrorEventHandler          
0101897d  SimpleLinkGeneralEventHandler             
01018987  SimpleLinkNetAppRequestMemFreeEventHandler
01018991  SimpleLinkSockEventHandler                
0101899b  Timer_start                               
010189a5  UART_read                                 
010189af  sl_Task                                   
010189b9  vApplicationStackOverflowHook             
010189c3  ADCCC32XX_init                            
010189cb  ClockP_getSystemTicks                     
010189db  MQTTClientCore_sendSubMsg                 
010189e3  MQTTNet_tcpSend                           
010189eb  PRCMSleepEnter                            
010189f3  TimerGetCurrentTimestamp                  
01018a23  ADCCC32XX_control                         
01018a29  I2CCC32XX_control                         
01018a2f  SPICC32XXDMA_control                      
01018a35  TimerCC32XX_control                       
01018a3b  UtilsDelay                                
01018a59  SPICC32XXDMA_init                         
01018a5d  SlNetIf_init                              
01018a61  SlNetUtil_init                            
01018a65  _system_pre_init                          
01018a69  C$$EXIT                                   
01018a69  abort                                     
01018a78  _ctypes_                                  
01018ec0  spiCC32XXDMAHWAttrs                       
01018fa8  OpcodeTranslateTable                      
01019018  _SlActionLookupTable                      
01019068  correspond                                
010190b8  PowerCC32XX_config                        
010190f8  UARTCC32XX_fxnTable                       
01019120  lookup                                    
01019148  UART_defaultParams                        
010191b1  qos                                       
010191d4  SPI_defaultParams                         
01019234  timerCC32XXHWAttrs                        
01019254  TimerCC32XX_fxnTable                      
01019270  ADCCC32XX_fxnTable                        
01019288  I2CCC32XX_fxnTable                        
010192a0  SPICC32XXDMA_fxnTable                     
010192b8  SPI_config                                
010192d0  Timer_config                              
010193a8  GPIOCC32XX_config                         
0101944c  I2C_defaultParams                         
0101948c  i2cCC32XXHWAttrs                          
010194b8  ADC_config                                
010194c4  I2C_config                                
010194d0  UART_config                               
01019518  udmaCC3220SHWAttrs                        
01019524  ADC_defaultParams                         
0101952c  UDMACC32XX_config                         
0101953c  ulMaxSyscallInterruptPriority             
0101955c  outPinTypes                               
0101956c  ADC_count                                 
0101956d  CryptoCC32XX_count                        
0101956e  I2C_count                                 
0101956f  SPI_count                                 
01019570  Timer_count                               
01019571  UART_count                                
01019572  Watchdog_count                            
0101957a  inPinTypes                                
01019580  outPinStrengths                           
010195c0  _SlNetAppSendResponseCmdCtrl              
010195c4  _SlNetAppSendTokenValueCmdCtrl            
010195f4  adcCC32XXHWAttrs                          
01019608  __TI_static_base__                        
010197ac  __TI_Handler_Table_Base                   
010197b8  __TI_Handler_Table_Limit                  
010197c0  __TI_CINIT_Base                           
010197d0  __TI_CINIT_Limit                          
20021000  g_CB                                      
200213fc  clients                                   
200216ac  PowerCC32XX_contextSave                   
20021970  spiCC32XXDMAObjects                       
200219f8  uartCC32XXObjects0                        
20021afc  timerCC32XXObjects                        
20021b64  i2cCC32XXObjects                          
20021c28  GlobalLockObj                             
20021c54  g_SlInternalSpawnCB                       
20021c7c  g_ucConnectionSSID                        
20021dac  MQTTClient_Lib_CB                         
20021dbc  DeviceCB                                  
20021dc8  MqttClientExmple_params                   
20021dd4  Msg                                       
20021df8  g_ucConnectionBSSID                       
20021e00  spiCC32XXSDMAscratchBuf                   
20021e08  udmaCC3220SObject                         
20021e1c  adcCC32XXObjects                          
20021e20  mqtt_queue                                
20021e24  pixyQ                                     
20021e28  sensor_queue                              
20021e2c  stat_queue                                
20021e30  MQTTClient_waitSecs                       
20021e32  g_usConnectIndex                          
20021e34  RxIrqCnt                                  
20021e38  HwiP_dispatchTable                        
20022638  PowerCC32XX_module                        
200227a4  parkInfo                                  
2002289c  SlNetIfConfigWifi                         
2002292c  pxCurrentTCB                              
20022960  MQTTClient_net                            
20022988  g_LibsEvents                              
200229ac  g_UserEvents                              
200229d0  Mqtt_ClientCtx                            
20022a00  gpioPinConfigs                            
20022a3c  ClientId                                  
20022a4c  SecurityParams                            
20022a70  g_ulStaIp                                 
20022a74  g_ulGatewayIP                             
20022a78  g_ulStatus                                
20022a7c  gGlobalLockCntRequested                   
20022a7d  gGlobalLockCntReleased                    
20022a7e  g_SlDeviceStatus                          
20022a80  g_pCB                                     
20022a84  pPingCallBackFunc                         
20022a88  will_param                                
20022aac  MQTTClient_closeContext                   
20022ab0  MQTTClient_clientContext                  
20022ab4  MQTTClient_multiSrvConn                   
20022ab8  MQTTClient_clientCfg                      
20022ac8  publish_topic0                            
20022acc  publish_topic1                            
20022af0  MQTTClient_connectCfg                     
20022b00  g_intHandle                               
2003fc00  __stack                                   
20040000  __STACK_END                               
ffffffff  __TI_pprof_out_hndl                       
ffffffff  __TI_prof_data_size                       
ffffffff  __TI_prof_data_start                      
ffffffff  __binit__                                 
ffffffff  __c_args__                                
ffffffff  binit                                     
UNDEFED   __mpu_init                                
UNDEFED   _system_post_cinit                        

[725 symbols]
